Archive member included to satisfy reference by file (symbol)

/usr/local/ps2dev/ps2sdk/ee/lib/libpatches.a(patch_enable_lmb.o)
                              ps2link.o (sbv_patch_enable_lmb)
/usr/local/ps2dev/ps2sdk/ee/lib/libpatches.a(patch_disable_prefix_check.o)
                              ps2link.o (sbv_patch_disable_prefix_check)
/usr/local/ps2dev/ps2sdk/ee/lib/libpatches.a(common.o)
                              patch_enable_lmb.o (symbol from plugin) (smem_write_word)
/usr/local/ps2dev/ps2sdk/ee/lib/libpatches.a(smod.o)
                              patch_enable_lmb.o (symbol from plugin) (smod_get_mod_by_name)
/usr/local/ps2dev/ps2sdk/ee/lib/libpatches.a(slib.o)
                              patch_enable_lmb.o (symbol from plugin) (_slib_cur_exp_lib_list)
/usr/local/ps2dev/ps2sdk/ee/lib/libdebug.a(scr_printf.o)
                              ps2link.o (init_scr)
/usr/local/ps2dev/ps2sdk/ee/lib/libdebug.a(font.o)
                              scr_printf.o (symbol from plugin) (msx)
/usr/local/ps2dev/ee/lib/gcc/mips64r5900el-ps2-elf/15.2.0/../../../../mips64r5900el-ps2-elf/lib/libc_nano.a(libc_a-memcpy.o)
                              cmdHandler.o (memcpy)
/usr/local/ps2dev/ee/lib/gcc/mips64r5900el-ps2-elf/15.2.0/../../../../mips64r5900el-ps2-elf/lib/libc_nano.a(libc_a-strlen.o)
                              ps2link.o (strlen)
/usr/local/ps2dev/ee/lib/gcc/mips64r5900el-ps2-elf/15.2.0/../../../../mips64r5900el-ps2-elf/lib/libc_nano.a(libc_a-puts.o)
                              cmdHandler.o (puts)
/usr/local/ps2dev/ee/lib/gcc/mips64r5900el-ps2-elf/15.2.0/../../../../mips64r5900el-ps2-elf/lib/libc_nano.a(libc_a-memset.o)
                              ps2link.o (memset)
/usr/local/ps2dev/ee/lib/gcc/mips64r5900el-ps2-elf/15.2.0/../../../../mips64r5900el-ps2-elf/lib/libc_nano.a(libc_a-printf.o)
                              cmdHandler.o (printf)
/usr/local/ps2dev/ee/lib/gcc/mips64r5900el-ps2-elf/15.2.0/../../../../mips64r5900el-ps2-elf/lib/libc_nano.a(libc_a-sysclose.o)
                              ps2link.o (close)
/usr/local/ps2dev/ee/lib/gcc/mips64r5900el-ps2-elf/15.2.0/../../../../mips64r5900el-ps2-elf/lib/libc_nano.a(libc_a-sysopen.o)
                              ps2link.o (open)
/usr/local/ps2dev/ee/lib/gcc/mips64r5900el-ps2-elf/15.2.0/../../../../mips64r5900el-ps2-elf/lib/libc_nano.a(libc_a-nano-vfprintf.o)
                              /usr/local/ps2dev/ee/lib/gcc/mips64r5900el-ps2-elf/15.2.0/../../../../mips64r5900el-ps2-elf/lib/libc_nano.a(libc_a-printf.o) (_vfprintf_r)
/usr/local/ps2dev/ee/lib/gcc/mips64r5900el-ps2-elf/15.2.0/../../../../mips64r5900el-ps2-elf/lib/libc_nano.a(libc_a-wsetup.o)
                              /usr/local/ps2dev/ee/lib/gcc/mips64r5900el-ps2-elf/15.2.0/../../../../mips64r5900el-ps2-elf/lib/libc_nano.a(libc_a-puts.o) (__swsetup_r)
/usr/local/ps2dev/ee/lib/gcc/mips64r5900el-ps2-elf/15.2.0/../../../../mips64r5900el-ps2-elf/lib/libc_nano.a(libc_a-strncpy.o)
                              ps2link.o (strncpy)
/usr/local/ps2dev/ee/lib/gcc/mips64r5900el-ps2-elf/15.2.0/../../../../mips64r5900el-ps2-elf/lib/libc_nano.a(libc_a-syswrite.o)
                              cmdHandler.o (write)
/usr/local/ps2dev/ee/lib/gcc/mips64r5900el-ps2-elf/15.2.0/../../../../mips64r5900el-ps2-elf/lib/libc_nano.a(libc_a-sysread.o)
                              ps2link.o (read)
/usr/local/ps2dev/ee/lib/gcc/mips64r5900el-ps2-elf/15.2.0/../../../../mips64r5900el-ps2-elf/lib/libc_nano.a(libc_a-strcpy.o)
                              ps2link.o (strcpy)
/usr/local/ps2dev/ee/lib/gcc/mips64r5900el-ps2-elf/15.2.0/../../../../mips64r5900el-ps2-elf/lib/libc_nano.a(libc_a-writer.o)
                              /usr/local/ps2dev/ee/lib/gcc/mips64r5900el-ps2-elf/15.2.0/../../../../mips64r5900el-ps2-elf/lib/libc_nano.a(libc_a-syswrite.o) (_write_r)
/usr/local/ps2dev/ee/lib/gcc/mips64r5900el-ps2-elf/15.2.0/../../../../mips64r5900el-ps2-elf/lib/libc_nano.a(libc_a-impure.o)
                              /usr/local/ps2dev/ee/lib/gcc/mips64r5900el-ps2-elf/15.2.0/../../../../mips64r5900el-ps2-elf/lib/libc_nano.a(libc_a-puts.o) (_impure_ptr)
/usr/local/ps2dev/ee/lib/gcc/mips64r5900el-ps2-elf/15.2.0/../../../../mips64r5900el-ps2-elf/lib/libc_nano.a(libc_a-nano-vfprintf_i.o)
                              /usr/local/ps2dev/ee/lib/gcc/mips64r5900el-ps2-elf/15.2.0/../../../../mips64r5900el-ps2-elf/lib/libc_nano.a(libc_a-nano-vfprintf.o) (_printf_i)
/usr/local/ps2dev/ee/lib/gcc/mips64r5900el-ps2-elf/15.2.0/../../../../mips64r5900el-ps2-elf/lib/libc_nano.a(libc_a-findfp.o)
                              /usr/local/ps2dev/ee/lib/gcc/mips64r5900el-ps2-elf/15.2.0/../../../../mips64r5900el-ps2-elf/lib/libc_nano.a(libc_a-puts.o) (__sinit)
/usr/local/ps2dev/ee/lib/gcc/mips64r5900el-ps2-elf/15.2.0/../../../../mips64r5900el-ps2-elf/lib/libc_nano.a(libc_a-fflush.o)
                              /usr/local/ps2dev/ee/lib/gcc/mips64r5900el-ps2-elf/15.2.0/../../../../mips64r5900el-ps2-elf/lib/libc_nano.a(libc_a-findfp.o) (_fflush_r)
[...]
Memory Configuration

Name             Origin             Length             Attributes
bios             0x00000000         0x00094000
bram             0x00094000         0x0006c000
gram             0x00100000         0x01f00000
high             0x01ee8000         0x00118000
*default*        0x00000000         0xffffffff

Linker script and memory map

LOAD /usr/local/ps2dev/ee/lib/gcc/mips64r5900el-ps2-elf/15.2.0/../../../../mips64r5900el-ps2-elf/lib/crt0.o
LOAD /tmp/cc5SqjqO.ltrans0.ltrans.o
LOAD /tmp/cc14GG5F.debug.temp.o
LOAD /tmp/ccm0Jiit.debug.temp.o
LOAD /tmp/cc0jaEt9.debug.temp.o
LOAD /tmp/ccqiSos3.debug.temp.o
LOAD /tmp/ccNy00rk.debug.temp.o
LOAD /tmp/cclkCSG3.debug.temp.o
LOAD /tmp/ccZGfLjK.debug.temp.o
LOAD /tmp/cckah8EV.debug.temp.o
LOAD /usr/local/ps2dev/ee/lib/gcc/mips64r5900el-ps2-elf/15.2.0/crti.o
LOAD /usr/local/ps2dev/ee/lib/gcc/mips64r5900el-ps2-elf/15.2.0/crtbegin.o
LOAD ps2link.o
LOAD cmdHandler.o
LOAD excepHandler.o
LOAD exceptions.o
LOAD ioptrap_irx.o
LOAD ps2dev9_irx.o
LOAD poweroff_irx.o
LOAD ps2ip_irx.o
LOAD netman_irx.o
LOAD smap_irx.o
LOAD udptty_irx.o
LOAD ps2link_irx.o
LOAD ps2ip_nm_irx.o
LOAD /usr/local/ps2dev/ps2sdk/ee/lib/libpatches.a
LOAD /usr/local/ps2dev/ps2sdk/ee/lib/libdebug.a
LOAD /usr/local/ps2dev/ee/lib/gcc/mips64r5900el-ps2-elf/15.2.0/../../../../mips64r5900el-ps2-elf/lib/libm_nano.a
LOAD /usr/local/ps2dev/ee/lib/gcc/mips64r5900el-ps2-elf/15.2.0/libgcc.a
START GROUP
LOAD /usr/local/ps2dev/ee/lib/gcc/mips64r5900el-ps2-elf/15.2.0/../../../../mips64r5900el-ps2-elf/lib/libc_nano.a
LOAD /usr/local/ps2dev/ps2sdk/ee/lib/libcdvd.a
LOAD /usr/local/ps2dev/ps2sdk/ee/lib/libcglue.a
LOAD /usr/local/ps2dev/ee/lib/gcc/mips64r5900el-ps2-elf/15.2.0/../../../../mips64r5900el-ps2-elf/lib/libpthread.a
LOAD /usr/local/ps2dev/ps2sdk/ee/lib/libpthreadglue.a
LOAD /usr/local/ps2dev/ps2sdk/ee/lib/libkernel.a
END GROUP
LOAD /usr/local/ps2dev/ee/lib/gcc/mips64r5900el-ps2-elf/15.2.0/crtend.o
LOAD /usr/local/ps2dev/ee/lib/gcc/mips64r5900el-ps2-elf/15.2.0/crtn.o
                0x00100000                        END_MAIN_REGION = (ORIGIN (MAIN_REGION) + LENGTH (MAIN_REGION))

.text           0x00094000     0xe8a8
                0x00094000                        _ftext = .
 *(.text)
 .text          0x00094000      0xe60 /tmp/cc5SqjqO.ltrans0.ltrans.o
                0x00094828                __start
                0x000948a8                _exit
                0x000948e0                sbv_patch_enable_lmb
                0x00094c60                sbv_patch_disable_prefix_check
                0x00094cc0                init_scr
                0x00094e20                scr_printf
 .text          0x00094e60      0x198 /usr/local/ps2dev/ee/lib/gcc/mips64r5900el-ps2-elf/15.2.0/crtbegin.o
 *fill*         0x00094ff8        0x8 
 .text          0x00095000      0x250 exceptions.o
                0x00095000                pkoStepBP
                0x00095014                pkoExceptionHandler
                0x00095148                pkoReturnFromDebug
 .text          0x00095250       0x30 /usr/local/ps2dev/ee/lib/gcc/mips64r5900el-ps2-elf/15.2.0/../../../../mips64r5900el-ps2-elf/lib/libc_nano.a(libc_a-memcpy.o)
                0x00095250                memcpy
 .text          0x00095280       0x24 /usr/local/ps2dev/ee/lib/gcc/mips64r5900el-ps2-elf/15.2.0/../../../../mips64r5900el-ps2-elf/lib/libc_nano.a(libc_a-strlen.o)
                0x00095280                strlen
 .text          0x000952a4      0x1b4 /usr/local/ps2dev/ee/lib/gcc/mips64r5900el-ps2-elf/15.2.0/../../../../mips64r5900el-ps2-elf/lib/libc_nano.a(libc_a-puts.o)
                0x000952a4                _puts_r
                0x00095448                puts
 .text          0x00095458       0x28 /usr/local/ps2dev/ee/lib/gcc/mips64r5900el-ps2-elf/15.2.0/../../../../mips64r5900el-ps2-elf/lib/libc_nano.a(libc_a-memset.o)
                0x00095458                memset
 .text          0x00095480       0x90 /usr/local/ps2dev/ee/lib/gcc/mips64r5900el-ps2-elf/15.2.0/../../../../mips64r5900el-ps2-elf/lib/libc_nano.a(libc_a-printf.o)
                0x00095480                _printf_r
                0x00095480                _iprintf_r
                0x000954c0                printf
                0x000954c0                iprintf
 .text          0x00095510       0x10 /usr/local/ps2dev/ee/lib/gcc/mips64r5900el-ps2-elf/15.2.0/../../../../mips64r5900el-ps2-elf/lib/libc_nano.a(libc_a-sysclose.o)
                0x00095510                close
 .text          0x00095520       0x4c /usr/local/ps2dev/ee/lib/gcc/mips64r5900el-ps2-elf/15.2.0/../../../../mips64r5900el-ps2-elf/lib/libc_nano.a(libc_a-sysopen.o)
                0x00095520                open
 .text          0x0009556c      0x558 /usr/local/ps2dev/ee/lib/gcc/mips64r5900el-ps2-elf/15.2.0/../../../../mips64r5900el-ps2-elf/lib/libc_nano.a(libc_a-nano-vfprintf.o)
                0x000955b8                __sfputs_r
                0x00095628                __sprint_r
                0x00095664                _vfiprintf_r
                0x00095664                _vfprintf_r
                0x00095aac                vfiprintf
                0x00095aac                vfprintf
 .text          0x00095ac4      0x160 /usr/local/ps2dev/ee/lib/gcc/mips64r5900el-ps2-elf/15.2.0/../../../../mips64r5900el-ps2-elf/lib/libc_nano.a(libc_a-wsetup.o)
                0x00095ac4                __swsetup_r
 .text          0x00095c24       0x48 /usr/local/ps2dev/ee/lib/gcc/mips64r5900el-ps2-elf/15.2.0/../../../../mips64r5900el-ps2-elf/lib/libc_nano.a(libc_a-strncpy.o)
                0x00095c24                strncpy
 .text          0x00095c6c       0x18 /usr/local/ps2dev/ee/lib/gcc/mips64r5900el-ps2-elf/15.2.0/../../../../mips64r5900el-ps2-elf/lib/libc_nano.a(libc_a-syswrite.o)
                0x00095c6c                write
 .text          0x00095c84       0x18 /usr/local/ps2dev/ee/lib/gcc/mips64r5900el-ps2-elf/15.2.0/../../../../mips64r5900el-ps2-elf/lib/libc_nano.a(libc_a-sysread.o)
                0x00095c84                read
 .text          0x00095c9c       0x28 /usr/local/ps2dev/ee/lib/gcc/mips64r5900el-ps2-elf/15.2.0/../../../../mips64r5900el-ps2-elf/lib/libc_nano.a(libc_a-strcpy.o)
                0x00095c9c                strcpy
 .text          0x00095cc4       0x5c /usr/local/ps2dev/ee/lib/gcc/mips64r5900el-ps2-elf/15.2.0/../../../../mips64r5900el-ps2-elf/lib/libc_nano.a(libc_a-writer.o)
                0x00095cc4                _write_r
 .text          0x00095d20      0x5f0 /usr/local/ps2dev/ee/lib/gcc/mips64r5900el-ps2-elf/15.2.0/../../../../mips64r5900el-ps2-elf/lib/libc_nano.a(libc_a-nano-vfprintf_i.o)
                0x00095d20                _printf_common
                0x00095f0c                _printf_i
 .text          0x00096310      0x454 /usr/local/ps2dev/ee/lib/gcc/mips64r5900el-ps2-elf/15.2.0/../../../../mips64r5900el-ps2-elf/lib/libc_nano.a(libc_a-findfp.o)
                0x00096560                __sfp_lock_acquire
                0x0009656c                __sfp_lock_release
                0x00096578                __sfp
                0x000966ac                __sinit
                0x00096708                __fp_lock_all
                0x00096738                __fp_unlock_all
 .text          0x00096764      0x31c /usr/local/ps2dev/ee/lib/gcc/mips64r5900el-ps2-elf/15.2.0/../../../../mips64r5900el-ps2-elf/lib/libc_nano.a(libc_a-fflush.o)
                0x00096764                __sflush_r
                0x00096984                _fflush_r
                0x00096a4c                fflush
 .text          0x00096a80       0x5c /usr/local/ps2dev/ee/lib/gcc/mips64r5900el-ps2-elf/15.2.0/../../../../mips64r5900el-ps2-elf/lib/libc_nano.a(libc_a-openr.o)
                0x00096a80                _open_r
 .text          0x00096adc      0x148 /usr/local/ps2dev/ee/lib/gcc/mips64r5900el-ps2-elf/15.2.0/../../../../mips64r5900el-ps2-elf/lib/libc_nano.a(libc_a-wbuf.o)
                0x00096adc                __swbuf_r
                0x00096c10                __swbuf
 .text          0x00096c24       0x38 /usr/local/ps2dev/ee/lib/gcc/mips64r5900el-ps2-elf/15.2.0/../../../../mips64r5900el-ps2-elf/lib/libc_nano.a(libc_a-memchr.o)
                0x00096c24                memchr
 .text          0x00096c5c       0xac /usr/local/ps2dev/ee/lib/gcc/mips64r5900el-ps2-elf/15.2.0/../../../../mips64r5900el-ps2-elf/lib/libc_nano.a(libc_a-fwalk.o)
                0x00096c5c                _fwalk_sglue
 .text          0x00096d08      0x13c /usr/local/ps2dev/ee/lib/gcc/mips64r5900el-ps2-elf/15.2.0/../../../../mips64r5900el-ps2-elf/lib/libc_nano.a(libc_a-stdio.o)
                0x00096d08                __sread
                0x00096d5c                __seofread
                0x00096d64                __swrite
                0x00096de0                __sseek
                0x00096e3c                __sclose
 .text          0x00096e44      0x164 /usr/local/ps2dev/ee/lib/gcc/mips64r5900el-ps2-elf/15.2.0/../../../../mips64r5900el-ps2-elf/lib/libc_nano.a(libc_a-makebuf.o)
                0x00096e44                __swhatbuf_r
                0x00096ecc                __smakebuf_r
 .text          0x00096fa8      0x2ac /usr/local/ps2dev/ee/lib/gcc/mips64r5900el-ps2-elf/15.2.0/../../../../mips64r5900el-ps2-elf/lib/libc_nano.a(libc_a-mallocr.o)
                0x00097044                _malloc_r
 .text          0x00097254       0x5c /usr/local/ps2dev/ee/lib/gcc/mips64r5900el-ps2-elf/15.2.0/../../../../mips64r5900el-ps2-elf/lib/libc_nano.a(libc_a-readr.o)
                0x00097254                _read_r
 .text          0x000972b0      0x138 /usr/local/ps2dev/ee/lib/gcc/mips64r5900el-ps2-elf/15.2.0/../../../../mips64r5900el-ps2-elf/lib/libc_nano.a(libc_a-freer.o)
                0x000972b0                _free_r
 .text          0x000973e8      0x50c /usr/local/ps2dev/ee/lib/gcc/mips64r5900el-ps2-elf/15.2.0/../../../../mips64r5900el-ps2-elf/lib/libc_nano.a(libc_a-fvwrite.o)
                0x000973e8                __sfvwrite_r
 .text          0x000978f4       0x54 /usr/local/ps2dev/ee/lib/gcc/mips64r5900el-ps2-elf/15.2.0/../../../../mips64r5900el-ps2-elf/lib/libc_nano.a(libc_a-closer.o)
                0x000978f4                _close_r
 .text          0x00097948       0x5c /usr/local/ps2dev/ee/lib/gcc/mips64r5900el-ps2-elf/15.2.0/../../../../mips64r5900el-ps2-elf/lib/libc_nano.a(libc_a-lseekr.o)
                0x00097948                _lseek_r
 .text          0x000979a4       0xd8 /usr/local/ps2dev/ee/lib/gcc/mips64r5900el-ps2-elf/15.2.0/../../../../mips64r5900el-ps2-elf/lib/libc_nano.a(libc_a-reallocr.o)
                0x000979a4                _realloc_r
 .text          0x00097a7c       0x18 /usr/local/ps2dev/ee/lib/gcc/mips64r5900el-ps2-elf/15.2.0/../../../../mips64r5900el-ps2-elf/lib/libc_nano.a(libc_a-mlock.o)
                0x00097a7c                __malloc_lock
                0x00097a88                __malloc_unlock
 .text          0x00097a94       0x54 /usr/local/ps2dev/ee/lib/gcc/mips64r5900el-ps2-elf/15.2.0/../../../../mips64r5900el-ps2-elf/lib/libc_nano.a(libc_a-isattyr.o)
                0x00097a94                _isatty_r
 .text          0x00097ae8       0x20 /usr/local/ps2dev/ee/lib/gcc/mips64r5900el-ps2-elf/15.2.0/../../../../mips64r5900el-ps2-elf/lib/libc_nano.a(libc_a-msizer.o)
                0x00097ae8                _malloc_usable_size_r
 .text          0x00097b08       0x74 /usr/local/ps2dev/ee/lib/gcc/mips64r5900el-ps2-elf/15.2.0/../../../../mips64r5900el-ps2-elf/lib/libc_nano.a(libc_a-memmove.o)
                0x00097b08                memmove
 .text          0x00097b7c       0x54 /usr/local/ps2dev/ee/lib/gcc/mips64r5900el-ps2-elf/15.2.0/../../../../mips64r5900el-ps2-elf/lib/libc_nano.a(libc_a-sbrkr.o)
                0x00097b7c                _sbrk_r
 .text          0x00097bd0       0x58 /usr/local/ps2dev/ee/lib/gcc/mips64r5900el-ps2-elf/15.2.0/../../../../mips64r5900el-ps2-elf/lib/libc_nano.a(libc_a-fstatr.o)
                0x00097bd0                _fstat_r
 .text          0x00097c28       0x5c /usr/local/ps2dev/ee/lib/gcc/mips64r5900el-ps2-elf/15.2.0/../../../../mips64r5900el-ps2-elf/lib/libc_nano.a(libc_a-_isatty.o)
                0x00097c28                _isatty
 .text          0x00097c84        0xc /usr/local/ps2dev/ee/lib/gcc/mips64r5900el-ps2-elf/15.2.0/../../../../mips64r5900el-ps2-elf/lib/libc_nano.a(libc_a-errno.o)
                0x00097c84                __errno
 .text          0x00097c90       0x14 /usr/local/ps2dev/ee/lib/gcc/mips64r5900el-ps2-elf/15.2.0/../../../../mips64r5900el-ps2-elf/lib/libc_nano.a(libc_a-sysfstat.o)
                0x00097c90                fstat
 .text          0x00097ca4       0xb8 /usr/local/ps2dev/ee/lib/gcc/mips64r5900el-ps2-elf/15.2.0/../../../../mips64r5900el-ps2-elf/lib/libc_nano.a(libc_a-vsnprintf.o)
                0x00097ca4                _vsnprintf_r
                0x00097ca4                _vsniprintf_r
                0x00097d40                vsnprintf
                0x00097d40                vsniprintf
 *fill*         0x00097d5c        0x4 
 .text          0x00097d60       0x40 /usr/local/ps2dev/ps2sdk/ee/lib/libcglue.a(_libcglue_init.o)
                0x00097d60                _libcglue_init
 .text          0x00097da0       0x30 /usr/local/ps2dev/ps2sdk/ee/lib/libcglue.a(_libcglue_deinit.o)
                0x00097da0                _libcglue_deinit
 .text          0x00097dd0        0x8 /usr/local/ps2dev/ps2sdk/ee/lib/libcglue.a(_libcglue_args_parse.o)
                0x00097dd0                _libcglue_args_parse
 .text          0x00097dd8       0xa8 /usr/local/ps2dev/ps2sdk/ee/lib/libcglue.a(__init_cwd.o)
                0x00097dd8                __init_cwd
 .text          0x00097e80      0x170 /usr/local/ps2dev/ps2sdk/ee/lib/libcglue.a(_open.o)
                0x00097e80                _open
 .text          0x00097ff0       0xc8 /usr/local/ps2dev/ps2sdk/ee/lib/libcglue.a(_close.o)
                0x00097ff0                _close
 .text          0x000980b8       0x90 /usr/local/ps2dev/ps2sdk/ee/lib/libcglue.a(_read.o)
                0x000980b8                _read
 .text          0x00098148       0x90 /usr/local/ps2dev/ps2sdk/ee/lib/libcglue.a(_write.o)
                0x00098148                _write
 .text          0x000981d8       0xe8 /usr/local/ps2dev/ps2sdk/ee/lib/libcglue.a(_fstat.o)
                0x000981d8                _fstat
 .text          0x000982c0       0x90 /usr/local/ps2dev/ps2sdk/ee/lib/libcglue.a(_lseek.o)
                0x000982c0                _lseek
 .text          0x00098350       0x78 /usr/local/ps2dev/ps2sdk/ee/lib/libcglue.a(chdir.o)
                0x00098350                chdir
 .text          0x000983c8       0x68 /usr/local/ps2dev/ps2sdk/ee/lib/libcglue.a(_sbrk.o)
                0x000983c8                _sbrk
 .text          0x00098430       0x68 /usr/local/ps2dev/ps2sdk/ee/lib/libcglue.a(__retarget_lock_init_recursive.o)
                0x00098430                __retarget_lock_init_recursive
 .text          0x00098498       0x98 /usr/local/ps2dev/ps2sdk/ee/lib/libcglue.a(__retarget_lock_acquire_recursive.o)
                0x00098498                __retarget_lock_acquire_recursive
 .text          0x00098530       0x78 /usr/local/ps2dev/ps2sdk/ee/lib/libcglue.a(__retarget_lock_release_recursive.o)
                0x00098530                __retarget_lock_release_recursive
 .text          0x000985a8      0x180 /usr/local/ps2dev/ps2sdk/ee/lib/libcglue.a(__locks_init.o)
                0x000985a8                __locks_init
 .text          0x00098728       0x78 /usr/local/ps2dev/ps2sdk/ee/lib/libcglue.a(__locks_deinit.o)
                0x00098728                __locks_deinit
 .text          0x000987a0       0x20 /usr/local/ps2dev/ps2sdk/ee/lib/libcglue.a(_libcglue_timezone_update.o)
                0x000987a0                _libcglue_timezone_update
 .text          0x000987c0       0xd0 /usr/local/ps2dev/ps2sdk/ee/lib/libcglue.a(__fdman_init.o)
                0x000987c0                __fdman_init
 .text          0x00098890       0x20 /usr/local/ps2dev/ps2sdk/ee/lib/libcglue.a(__fdman_deinit.o)
                0x00098890                __fdman_deinit
 .text          0x000988b0       0xd0 /usr/local/ps2dev/ps2sdk/ee/lib/libcglue.a(__fdman_get_new_descriptor.o)
                0x000988b0                __fdman_get_new_descriptor
 .text          0x00098980       0x90 /usr/local/ps2dev/ps2sdk/ee/lib/libcglue.a(__fdman_release_descriptor.o)
                0x00098980                __fdman_release_descriptor
 .text          0x00098a10        0x8 /usr/local/ps2dev/ps2sdk/ee/lib/libcglue.a(__gprof_init.o)
                0x00098a10                __gprof_init
 .text          0x00098a18        0x8 /usr/local/ps2dev/ps2sdk/ee/lib/libcglue.a(__gprof_cleanup.o)
                0x00098a18                __gprof_cleanup
 .text          0x00098a20      0x578 /usr/local/ps2dev/ps2sdk/ee/lib/libcglue.a(__path_absolute.o)
                0x00098a20                __path_absolute
 .text          0x00098f98       0x78 /usr/local/ps2dev/ps2sdk/ee/lib/libcglue.a(__libcglue_init_stdio.o)
                0x00098f98                __libcglue_init_stdio
 .text          0x00099010       0x28 /usr/local/ps2dev/ps2sdk/ee/lib/libcglue.a(__transform_errno.o)
                0x00099010                __transform_errno
 .text          0x00099038      0x110 /usr/local/ps2dev/ps2sdk/ee/lib/libcglue.a(_libcglue_timezone_update_impl.o)
                0x00099038                _libcglue_timezone_update_impl
 .text          0x00099148      0x188 /usr/local/ps2dev/ps2sdk/ee/lib/libcglue.a(__get_drive.o)
                0x00099148                __get_drive
 .text          0x000992d0      0x238 /usr/local/ps2dev/ps2sdk/ee/lib/libcglue.a(__fioOpsInitializeImpl.o)
                0x000992d0                __fioOpsInitializeImpl
 .text          0x00099508      0x1c8 /usr/local/ps2dev/ps2sdk/ee/lib/libcglue.a(__fioOpenHelper.o)
                0x00099508                __fioOpenHelper
 .text          0x000996d0       0x18 /usr/local/ps2dev/ps2sdk/ee/lib/libcglue.a(__fioGetFdHelper.o)
                0x000996d0                __fioGetFdHelper
 .text          0x000996e8       0x18 /usr/local/ps2dev/ps2sdk/ee/lib/libcglue.a(__fioGetFilenameHelper.o)
                0x000996e8                __fioGetFilenameHelper
 .text          0x00099700       0x48 /usr/local/ps2dev/ps2sdk/ee/lib/libcglue.a(__fioCloseHelper.o)
                0x00099700                __fioCloseHelper
 .text          0x00099748       0x48 /usr/local/ps2dev/ps2sdk/ee/lib/libcglue.a(__fioDcloseHelper.o)
                0x00099748                __fioDcloseHelper
 .text          0x00099790       0x48 /usr/local/ps2dev/ps2sdk/ee/lib/libcglue.a(__fioReadHelper.o)
                0x00099790                __fioReadHelper
 .text          0x000997d8       0x48 /usr/local/ps2dev/ps2sdk/ee/lib/libcglue.a(__fioLseekHelper.o)
                0x000997d8                __fioLseekHelper
 .text          0x00099820       0x48 /usr/local/ps2dev/ps2sdk/ee/lib/libcglue.a(__fioWriteHelper.o)
                0x00099820                __fioWriteHelper
 .text          0x00099868       0x48 /usr/local/ps2dev/ps2sdk/ee/lib/libcglue.a(__fioIoctlHelper.o)
                0x00099868                __fioIoctlHelper
 .text          0x000998b0      0x108 /usr/local/ps2dev/ps2sdk/ee/lib/libcglue.a(__fioDreadHelper.o)
                0x000998b0                __fioDreadHelper
 .text          0x000999b8       0xb8 /usr/local/ps2dev/ps2sdk/ee/lib/libcglue.a(__fioLseekDirHelper.o)
                0x000999b8                __fioLseekDirHelper
 .text          0x00099a70        0x8 /usr/local/ps2dev/ps2sdk/ee/lib/libcglue.a(__fioMkdirHelper.o)
                0x00099a70                __fioMkdirHelper
 .text          0x00099a78      0x248 /usr/local/ps2dev/ps2sdk/ee/lib/libcglue.a(__fioGetstatHelper.o)
                0x00099a78                __fioGetstatHelper
 .text          0x00099cc0       0x10 /usr/local/ps2dev/ps2sdk/ee/lib/libkernel.a(SetGsCrt.o)
                0x00099cc0                SetGsCrt
 .text          0x00099cd0       0x10 /usr/local/ps2dev/ps2sdk/ee/lib/libkernel.a(KExit.o)
                0x00099cd0                KExit
 .text          0x00099ce0       0x10 /usr/local/ps2dev/ps2sdk/ee/lib/libkernel.a(_ExecPS2.o)
                0x00099ce0                _ExecPS2
 .text          0x00099cf0       0x10 /usr/local/ps2dev/ps2sdk/ee/lib/libkernel.a(SetVTLBRefillHandler.o)
                0x00099cf0                SetVTLBRefillHandler
 .text          0x00099d00       0x10 /usr/local/ps2dev/ps2sdk/ee/lib/libkernel.a(SetVCommonHandler.o)
                0x00099d00                SetVCommonHandler
 .text          0x00099d10       0x10 /usr/local/ps2dev/ps2sdk/ee/lib/libkernel.a(AddDmacHandler.o)
                0x00099d10                AddDmacHandler
 .text          0x00099d20       0x10 /usr/local/ps2dev/ps2sdk/ee/lib/libkernel.a(RemoveDmacHandler.o)
                0x00099d20                RemoveDmacHandler
 .text          0x00099d30       0x10 /usr/local/ps2dev/ps2sdk/ee/lib/libkernel.a(CreateThread.o)
                0x00099d30                CreateThread
 .text          0x00099d40       0x10 /usr/local/ps2dev/ps2sdk/ee/lib/libkernel.a(DeleteThread.o)
                0x00099d40                DeleteThread
 .text          0x00099d50       0x10 /usr/local/ps2dev/ps2sdk/ee/lib/libkernel.a(StartThread.o)
                0x00099d50                StartThread
 .text          0x00099d60       0x10 /usr/local/ps2dev/ps2sdk/ee/lib/libkernel.a(ExitDeleteThread.o)
                0x00099d60                ExitDeleteThread
 .text          0x00099d70       0x10 /usr/local/ps2dev/ps2sdk/ee/lib/libkernel.a(TerminateThread.o)
                0x00099d70                TerminateThread
 .text          0x00099d80       0x10 /usr/local/ps2dev/ps2sdk/ee/lib/libkernel.a(GetThreadId.o)
                0x00099d80                GetThreadId
 .text          0x00099d90       0x10 /usr/local/ps2dev/ps2sdk/ee/lib/libkernel.a(SleepThread.o)
                0x00099d90                SleepThread
 .text          0x00099da0       0x10 /usr/local/ps2dev/ps2sdk/ee/lib/libkernel.a(_iWakeupThread.o)
                0x00099da0                _iWakeupThread
 .text          0x00099db0       0x10 /usr/local/ps2dev/ps2sdk/ee/lib/libkernel.a(SetupHeap.o)
                0x00099db0                SetupHeap
 .text          0x00099dc0       0x10 /usr/local/ps2dev/ps2sdk/ee/lib/libkernel.a(EndOfHeap.o)
                0x00099dc0                EndOfHeap
 .text          0x00099dd0       0x10 /usr/local/ps2dev/ps2sdk/ee/lib/libkernel.a(CreateSema.o)
                0x00099dd0                CreateSema
 .text          0x00099de0       0x10 /usr/local/ps2dev/ps2sdk/ee/lib/libkernel.a(DeleteSema.o)
                0x00099de0                DeleteSema
 .text          0x00099df0       0x10 /usr/local/ps2dev/ps2sdk/ee/lib/libkernel.a(SignalSema.o)
                0x00099df0                SignalSema
 .text          0x00099e00       0x10 /usr/local/ps2dev/ps2sdk/ee/lib/libkernel.a(WaitSema.o)
                0x00099e00                WaitSema
 .text          0x00099e10       0x10 /usr/local/ps2dev/ps2sdk/ee/lib/libkernel.a(FlushCache.o)
                0x00099e10                FlushCache
 .text          0x00099e20       0x10 /usr/local/ps2dev/ps2sdk/ee/lib/libkernel.a(GsPutIMR.o)
                0x00099e20                GsPutIMR
 .text          0x00099e30       0x10 /usr/local/ps2dev/ps2sdk/ee/lib/libkernel.a(sceSifSetDma.o)
                0x00099e30                sceSifSetDma
 .text          0x00099e40       0x10 /usr/local/ps2dev/ps2sdk/ee/lib/libkernel.a(sceSifSetDChain.o)
                0x00099e40                sceSifSetDChain
 .text          0x00099e50       0x10 /usr/local/ps2dev/ps2sdk/ee/lib/libkernel.a(isceSifSetDChain.o)
                0x00099e50                isceSifSetDChain
 .text          0x00099e60       0x10 /usr/local/ps2dev/ps2sdk/ee/lib/libkernel.a(GetMemorySize.o)
                0x00099e60                GetMemorySize
 .text          0x00099e70      0x188 /usr/local/ps2dev/ps2sdk/ee/lib/libkernel.a(sceSifGetOtherData.o)
                0x00099e70                sceSifGetOtherData
 .text          0x00099ff8      0x458 /usr/local/ps2dev/ps2sdk/ee/lib/libkernel.a(SifRpcMain.o)
                0x0009a290                sceSifInitRpc
                0x0009a428                sceSifExitRpc
 .text          0x0009a450      0x138 /usr/local/ps2dev/ps2sdk/ee/lib/libkernel.a(fio_open.o)
                0x0009a450                fioOpen
 .text          0x0009a588       0xe0 /usr/local/ps2dev/ps2sdk/ee/lib/libkernel.a(fio_close.o)
                0x0009a588                fioClose
 .text          0x0009a668      0x168 /usr/local/ps2dev/ps2sdk/ee/lib/libkernel.a(fio_read.o)
                0x0009a668                fioRead
 .text          0x0009a7d0      0x1b0 /usr/local/ps2dev/ps2sdk/ee/lib/libkernel.a(fio_write.o)
                0x0009a7d0                fioWrite
 .text          0x0009a980      0x100 /usr/local/ps2dev/ps2sdk/ee/lib/libkernel.a(fio_lseek.o)
                0x0009a980                fioLseek
 .text          0x0009aa80       0xf0 /usr/local/ps2dev/ps2sdk/ee/lib/libkernel.a(fio_mkdir.o)
                0x0009aa80                fioMkdir
 .text          0x0009ab70       0x70 /usr/local/ps2dev/ps2sdk/ee/lib/libkernel.a(_fio_read_intr.o)
                0x0009ab70                _fio_read_intr
 .text          0x0009abe0      0x158 /usr/local/ps2dev/ps2sdk/ee/lib/libkernel.a(fio_ioctl.o)
                0x0009abe0                fioIoctl
 .text          0x0009ad38       0xf0 /usr/local/ps2dev/ps2sdk/ee/lib/libkernel.a(fio_dopen.o)
                0x0009ad38                fioDopen
 .text          0x0009ae28       0xe0 /usr/local/ps2dev/ps2sdk/ee/lib/libkernel.a(fio_dclose.o)
                0x0009ae28                fioDclose
 .text          0x0009af08      0x150 /usr/local/ps2dev/ps2sdk/ee/lib/libkernel.a(fio_dread.o)
                0x0009af08                fioDread
 .text          0x0009b058      0x160 /usr/local/ps2dev/ps2sdk/ee/lib/libkernel.a(fio_getstat.o)
                0x0009b058                fioGetstat
 .text          0x0009b1b8       0xf0 /usr/local/ps2dev/ps2sdk/ee/lib/libkernel.a(fio_remove.o)
                0x0009b1b8                fioRemove
 .text          0x0009b2a8       0xf0 /usr/local/ps2dev/ps2sdk/ee/lib/libkernel.a(fio_rmdir.o)
                0x0009b2a8                fioRmdir
 .text          0x0009b398       0x40 /usr/local/ps2dev/ps2sdk/ee/lib/libkernel.a(SifLoadFileExit.o)
                0x0009b398                SifLoadFileExit
 .text          0x0009b3d8       0x10 /usr/local/ps2dev/ps2sdk/ee/lib/libkernel.a(SifLoadModule.o)
                0x0009b3d8                SifLoadModule
 .text          0x0009b3e8       0x30 /usr/local/ps2dev/ps2sdk/ee/lib/libkernel.a(SifLoadElf.o)
                0x0009b3e8                SifLoadElf
 .text          0x0009b418       0xf8 /usr/local/ps2dev/ps2sdk/ee/lib/libkernel.a(SifExecModuleBuffer.o)
                0x0009b418                SifExecModuleBuffer
 .text          0x0009b510      0x138 /usr/local/ps2dev/ps2sdk/ee/lib/libkernel.a(SifInitIopHeap.o)
                0x0009b510                SifInitIopHeap
 .text          0x0009b648       0x80 /usr/local/ps2dev/ps2sdk/ee/lib/libkernel.a(SifAllocIopHeap.o)
                0x0009b648                SifAllocIopHeap
 .text          0x0009b6c8       0x80 /usr/local/ps2dev/ps2sdk/ee/lib/libkernel.a(SifFreeIopHeap.o)
                0x0009b6c8                SifFreeIopHeap
 .text          0x0009b748      0x128 /usr/local/ps2dev/ps2sdk/ee/lib/libkernel.a(SifIopReset.o)
                0x0009b748                SifIopReset
 .text          0x0009b870       0x28 /usr/local/ps2dev/ps2sdk/ee/lib/libkernel.a(SifIopSync.o)
                0x0009b870                SifIopSync
 .text          0x0009b898       0x38 /usr/local/ps2dev/ps2sdk/ee/lib/libkernel.a(GetRomName.o)
                0x0009b898                GetRomName
 .text          0x0009b8d0       0x88 /usr/local/ps2dev/ps2sdk/ee/lib/libkernel.a(configGetTimezoneWithIODriver.o)
                0x0009b8d0                configGetTimezoneWithIODriver
 .text          0x0009b958       0x78 /usr/local/ps2dev/ps2sdk/ee/lib/libkernel.a(configIsDaylightSavingEnabledWithIODriver.o)
                0x0009b958                configIsDaylightSavingEnabledWithIODriver
 .text          0x0009b9d0       0x40 /usr/local/ps2dev/ps2sdk/ee/lib/libkernel.a(DIntr.o)
                0x0009b9d0                DIntr
 .text          0x0009ba10       0x18 /usr/local/ps2dev/ps2sdk/ee/lib/libkernel.a(EIntr.o)
                0x0009ba10                EIntr
 .text          0x0009ba28       0x78 /usr/local/ps2dev/ps2sdk/ee/lib/libkernel.a(EnableDmac.o)
                0x0009ba28                EnableDmac
 .text          0x0009baa0       0x78 /usr/local/ps2dev/ps2sdk/ee/lib/libkernel.a(DisableDmac.o)
                0x0009baa0                DisableDmac
 .text          0x0009bb18       0x58 /usr/local/ps2dev/ps2sdk/ee/lib/libkernel.a(SyncDCache.o)
                0x0009bb18                SyncDCache
 .text          0x0009bb70       0x38 /usr/local/ps2dev/ps2sdk/ee/lib/libkernel.a(_InitSys.o)
                0x0009bb70                _InitSys
 *fill*         0x0009bba8        0x8 
 .text          0x0009bbb0       0x10 /usr/local/ps2dev/ps2sdk/ee/lib/libkernel.a(_EnableDmac.o)
                0x0009bbb0                _EnableDmac
 .text          0x0009bbc0       0x10 /usr/local/ps2dev/ps2sdk/ee/lib/libkernel.a(_DisableDmac.o)
                0x0009bbc0                _DisableDmac
 .text          0x0009bbd0       0x10 /usr/local/ps2dev/ps2sdk/ee/lib/libkernel.a(iSignalSema.o)
                0x0009bbd0                iSignalSema
 .text          0x0009bbe0       0x10 /usr/local/ps2dev/ps2sdk/ee/lib/libkernel.a(GetOsdConfigParam.o)
                0x0009bbe0                GetOsdConfigParam
 .text          0x0009bbf0       0x10 /usr/local/ps2dev/ps2sdk/ee/lib/libkernel.a(sceSifStopDma.o)
                0x0009bbf0                sceSifStopDma
 .text          0x0009bc00       0x10 /usr/local/ps2dev/ps2sdk/ee/lib/libkernel.a(GetOsdConfigParam2.o)
                0x0009bc00                GetOsdConfigParam2
 .text          0x0009bc10       0x10 /usr/local/ps2dev/ps2sdk/ee/lib/libkernel.a(sceSifDmaStat.o)
                0x0009bc10                sceSifDmaStat
 .text          0x0009bc20       0x10 /usr/local/ps2dev/ps2sdk/ee/lib/libkernel.a(sceSifSetReg.o)
                0x0009bc20                sceSifSetReg
 .text          0x0009bc30       0x10 /usr/local/ps2dev/ps2sdk/ee/lib/libkernel.a(sceSifGetReg.o)
                0x0009bc30                sceSifGetReg
 .text          0x0009bc40       0xb0 /usr/local/ps2dev/ps2sdk/ee/lib/libkernel.a(sceSifWriteBackDCache.o)
                0x0009bc40                sceSifWriteBackDCache
 .text          0x0009bcf0       0xa8 /usr/local/ps2dev/ps2sdk/ee/lib/libkernel.a(_SyncDCache.o)
                0x0009bcf0                _SyncDCache
 .text          0x0009bd98       0x20 /usr/local/ps2dev/ps2sdk/ee/lib/libkernel.a(sceSifSendCmd.o)
                0x0009bd98                sceSifSendCmd
 .text          0x0009bdb8       0x20 /usr/local/ps2dev/ps2sdk/ee/lib/libkernel.a(isceSifSendCmd.o)
                0x0009bdb8                isceSifSendCmd
 .text          0x0009bdd8      0x318 /usr/local/ps2dev/ps2sdk/ee/lib/libkernel.a(sif_cmd_main.o)
                0x0009be08                sceSifInitCmd
                0x0009c0b8                sceSifExitCmd
 .text          0x0009c0f0       0x58 /usr/local/ps2dev/ps2sdk/ee/lib/libkernel.a(sceSifAddCmdHandler.o)
                0x0009c0f0                sceSifAddCmdHandler
 .text          0x0009c148       0x18 /usr/local/ps2dev/ps2sdk/ee/lib/libkernel.a(sceSifGetSreg.o)
                0x0009c148                sceSifGetSreg
 .text          0x0009c160       0xd0 /usr/local/ps2dev/ps2sdk/ee/lib/libkernel.a(_rpc_get_packet.o)
                0x0009c160                _rpc_get_packet
 .text          0x0009c230       0x30 /usr/local/ps2dev/ps2sdk/ee/lib/libkernel.a(_rpc_get_fpacket.o)
                0x0009c230                _rpc_get_fpacket
 .text          0x0009c260      0x178 /usr/local/ps2dev/ps2sdk/ee/lib/libkernel.a(sceSifBindRpc.o)
                0x0009c260                sceSifBindRpc
 .text          0x0009c3d8      0x260 /usr/local/ps2dev/ps2sdk/ee/lib/libkernel.a(sceSifCallRpc.o)
                0x0009c3d8                sceSifCallRpc
 .text          0x0009c638      0x130 /usr/local/ps2dev/ps2sdk/ee/lib/libkernel.a(fio_init.o)
                0x0009c638                fioInit
 .text          0x0009c768       0x10 /usr/local/ps2dev/ps2sdk/ee/lib/libkernel.a(_fio_intr.o)
                0x0009c768                _fio_intr
 .text          0x0009c778       0xb0 /usr/local/ps2dev/ps2sdk/ee/lib/libkernel.a(fio_exit.o)
                0x0009c778                fioExit
 .text          0x0009c828      0x130 /usr/local/ps2dev/ps2sdk/ee/lib/libkernel.a(SifLoadFileInit.o)
                0x0009c828                SifLoadFileInit
 .text          0x0009c958      0x128 /usr/local/ps2dev/ps2sdk/ee/lib/libkernel.a(_SifLoadModule.o)
                0x0009c958                _SifLoadModule
 .text          0x0009ca80       0xf0 /usr/local/ps2dev/ps2sdk/ee/lib/libkernel.a(_SifLoadElfPart.o)
                0x0009ca80                _SifLoadElfPart
 .text          0x0009cb70      0x100 /usr/local/ps2dev/ps2sdk/ee/lib/libkernel.a(_SifLoadModuleBuffer.o)
                0x0009cb70                _SifLoadModuleBuffer
 .text          0x0009cc70       0x68 /usr/local/ps2dev/ps2sdk/ee/lib/libkernel.a(GetRomNameWithIODriver.o)
                0x0009cc70                GetRomNameWithIODriver
 .text          0x0009ccd8       0x98 /usr/local/ps2dev/ps2sdk/ee/lib/libkernel.a(IsT10KWithIODriver.o)
                0x0009ccd8                IsT10KWithIODriver
 .text          0x0009cd70       0x10 /usr/local/ps2dev/ps2sdk/ee/lib/libkernel.a(IsEarlyJap.o)
                0x0009cd70                IsEarlyJap
 .text          0x0009cd80      0x140 /usr/local/ps2dev/ps2sdk/ee/lib/libkernel.a(_SifSendCmd.o)
                0x0009cd80                _SifSendCmd
 .text          0x0009cec0      0x108 /usr/local/ps2dev/ps2sdk/ee/lib/libkernel.a(_SifCmdIntHandler.o)
                0x0009cec0                _SifCmdIntHandler
 *fill*         0x0009cfc8        0x8 
 .text          0x0009cfd0       0x10 /usr/local/ps2dev/ps2sdk/ee/lib/libkernel.a(isceSifSetDma.o)
                0x0009cfd0                isceSifSetDma
 .text          0x0009cfe0       0x10 /usr/local/ps2dev/ps2sdk/ee/lib/libkernel.a(ExitThread.o)
                0x0009cfe0                ExitThread
 .text          0x0009cff0      0x78c /usr/local/ps2dev/ee/lib/gcc/mips64r5900el-ps2-elf/15.2.0/../../../../mips64r5900el-ps2-elf/lib/libc_nano.a(libc_a-mktime.o)
                0x0009d2cc                mktime
 .text          0x0009d77c       0x38 /usr/local/ps2dev/ee/lib/gcc/mips64r5900el-ps2-elf/15.2.0/../../../../mips64r5900el-ps2-elf/lib/libc_nano.a(libc_a-memcmp.o)
                0x0009d77c                memcmp
 .text          0x0009d7b4       0x30 /usr/local/ps2dev/ee/lib/gcc/mips64r5900el-ps2-elf/15.2.0/../../../../mips64r5900el-ps2-elf/lib/libc_nano.a(libc_a-strnlen.o)
                0x0009d7b4                strnlen
 .text          0x0009d7e4       0x28 /usr/local/ps2dev/ee/lib/gcc/mips64r5900el-ps2-elf/15.2.0/../../../../mips64r5900el-ps2-elf/lib/libc_nano.a(libc_a-setenv.o)
                0x0009d7e4                setenv
                0x0009d7fc                unsetenv
 .text          0x0009d80c       0x2c /usr/local/ps2dev/ee/lib/gcc/mips64r5900el-ps2-elf/15.2.0/../../../../mips64r5900el-ps2-elf/lib/libc_nano.a(libc_a-div.o)
                0x0009d80c                div
 .text          0x0009d838       0xe8 /usr/local/ps2dev/ee/lib/gcc/mips64r5900el-ps2-elf/15.2.0/../../../../mips64r5900el-ps2-elf/lib/libc_nano.a(libc_a-sprintf.o)
                0x0009d838                _siprintf_r
                0x0009d838                _sprintf_r
                0x0009d8a4                sprintf
                0x0009d8a4                siprintf
 .text          0x0009d920      0x244 /usr/local/ps2dev/ee/lib/gcc/mips64r5900el-ps2-elf/15.2.0/../../../../mips64r5900el-ps2-elf/lib/libc_nano.a(libc_a-tzcalc_limits.o)
                0x0009d920                __tzcalc_limits
 .text          0x0009db64       0x18 /usr/local/ps2dev/ee/lib/gcc/mips64r5900el-ps2-elf/15.2.0/../../../../mips64r5900el-ps2-elf/lib/libc_nano.a(libc_a-abort.o)
                0x0009db64                abort
 .text          0x0009db7c       0x58 /usr/local/ps2dev/ee/lib/gcc/mips64r5900el-ps2-elf/15.2.0/../../../../mips64r5900el-ps2-elf/lib/libc_nano.a(libc_a-strncat.o)
                0x0009db7c                strncat
 .text          0x0009dbd4       0x38 /usr/local/ps2dev/ee/lib/gcc/mips64r5900el-ps2-elf/15.2.0/../../../../mips64r5900el-ps2-elf/lib/libc_nano.a(libc_a-strchr.o)
                0x0009dbd4                strchr
 .text          0x0009dc0c        0xc /usr/local/ps2dev/ee/lib/gcc/mips64r5900el-ps2-elf/15.2.0/../../../../mips64r5900el-ps2-elf/lib/libc_nano.a(libc_a-gettzinfo.o)
                0x0009dc0c                __gettzinfo
 .text          0x0009dc18       0x20 /usr/local/ps2dev/ee/lib/gcc/mips64r5900el-ps2-elf/15.2.0/../../../../mips64r5900el-ps2-elf/lib/libc_nano.a(libc_a-malloc.o)
                0x0009dc18                malloc
                0x0009dc28                free
 .text          0x0009dc38       0x18 /usr/local/ps2dev/ee/lib/gcc/mips64r5900el-ps2-elf/15.2.0/../../../../mips64r5900el-ps2-elf/lib/libc_nano.a(libc_a-tzlock.o)
                0x0009dc38                __tz_lock
                0x0009dc44                __tz_unlock
 .text          0x0009dc50      0x324 /usr/local/ps2dev/ee/lib/gcc/mips64r5900el-ps2-elf/15.2.0/../../../../mips64r5900el-ps2-elf/lib/libc_nano.a(libc_a-setenv_r.o)
                0x0009dc50                _setenv_r
                0x0009deb0                _unsetenv_r
 .text          0x0009df74       0x44 /usr/local/ps2dev/ee/lib/gcc/mips64r5900el-ps2-elf/15.2.0/../../../../mips64r5900el-ps2-elf/lib/libc_nano.a(libc_a-exit.o)
                0x0009df74                exit
 .text          0x0009dfb8      0x270 /usr/local/ps2dev/ee/lib/gcc/mips64r5900el-ps2-elf/15.2.0/../../../../mips64r5900el-ps2-elf/lib/libc_nano.a(libc_a-signal.o)
                0x0009dfb8                _init_signal_r
                0x0009e020                _signal_r
                0x0009e098                _raise_r
                0x0009e144                __sigtramp_r
                0x0009e1e8                raise
                0x0009e1f8                signal
                0x0009e20c                _init_signal
                0x0009e218                __sigtramp
 .text          0x0009e228      0x238 /usr/local/ps2dev/ee/lib/gcc/mips64r5900el-ps2-elf/15.2.0/../../../../mips64r5900el-ps2-elf/lib/libc_nano.a(libc_a-perror.o)
                0x0009e228                _perror_r
                0x0009e450                perror
 .text          0x0009e460       0x34 /usr/local/ps2dev/ee/lib/gcc/mips64r5900el-ps2-elf/15.2.0/../../../../mips64r5900el-ps2-elf/lib/libc_nano.a(libc_a-tzset.o)
                0x0009e460                _tzset_unlocked
                0x0009e46c                tzset
 .text          0x0009e494       0x18 /usr/local/ps2dev/ee/lib/gcc/mips64r5900el-ps2-elf/15.2.0/../../../../mips64r5900el-ps2-elf/lib/libc_nano.a(libc_a-envlock.o)
                0x0009e494                __env_lock
                0x0009e4a0                __env_unlock
 .text          0x0009e4ac       0x60 /usr/local/ps2dev/ee/lib/gcc/mips64r5900el-ps2-elf/15.2.0/../../../../mips64r5900el-ps2-elf/lib/libc_nano.a(libc_a-signalr.o)
                0x0009e4ac                _kill_r
                0x0009e504                _getpid_r
 .text          0x0009e50c      0x718 /usr/local/ps2dev/ee/lib/gcc/mips64r5900el-ps2-elf/15.2.0/../../../../mips64r5900el-ps2-elf/lib/libc_nano.a(libc_a-nano-svfprintf.o)
                0x0009e50c                __ssputs_r
                0x0009e694                __ssprint_r
                0x0009e870                _svfprintf_r
                0x0009e870                _svfiprintf_r
 .text          0x0009ec24      0x6e4 /usr/local/ps2dev/ee/lib/gcc/mips64r5900el-ps2-elf/15.2.0/../../../../mips64r5900el-ps2-elf/lib/libc_nano.a(libc_a-tzset_r.o)
                0x0009ec24                _tzset_unlocked_r
                0x0009f2e4                _tzset_r
 .text          0x0009f308      0x450 /usr/local/ps2dev/ee/lib/gcc/mips64r5900el-ps2-elf/15.2.0/../../../../mips64r5900el-ps2-elf/lib/libc_nano.a(libc_a-strerror.o)
                0x0009f308                _strerror_r
                0x0009f728                strerror
                0x0009f740                strerror_l
 .text          0x0009f758       0xc0 /usr/local/ps2dev/ee/lib/gcc/mips64r5900el-ps2-elf/15.2.0/../../../../mips64r5900el-ps2-elf/lib/libc_nano.a(libc_a-fileno.o)
                0x0009f758                fileno
 .text          0x0009f818        0x8 /usr/local/ps2dev/ee/lib/gcc/mips64r5900el-ps2-elf/15.2.0/../../../../mips64r5900el-ps2-elf/lib/libc_nano.a(libc_a-u_strerr.o)
                0x0009f818                _user_strerror
 .text          0x0009f820      0x128 /usr/local/ps2dev/ee/lib/gcc/mips64r5900el-ps2-elf/15.2.0/../../../../mips64r5900el-ps2-elf/lib/libc_nano.a(libc_a-getenv_r.o)
                0x0009f820                _findenv_r
                0x0009f92c                _getenv_r
 .text          0x0009f948       0x34 /usr/local/ps2dev/ee/lib/gcc/mips64r5900el-ps2-elf/15.2.0/../../../../mips64r5900el-ps2-elf/lib/libc_nano.a(libc_a-strcmp.o)
                0x0009f948                strcmp
 .text          0x0009f97c      0x118 /usr/local/ps2dev/ee/lib/gcc/mips64r5900el-ps2-elf/15.2.0/../../../../mips64r5900el-ps2-elf/lib/libc_nano.a(libc_a-sscanf.o)
                0x0009f97c                sscanf
                0x0009f97c                siscanf
                0x0009fa04                _siscanf_r
                0x0009fa04                _sscanf_r
 .text          0x0009fa94      0x204 /usr/local/ps2dev/ee/lib/gcc/mips64r5900el-ps2-elf/15.2.0/../../../../mips64r5900el-ps2-elf/lib/libc_nano.a(libc_a-strtoul.o)
                0x0009fc60                _strtoul_r
                0x0009fc68                strtoul_l
                0x0009fc80                strtoul
 .text          0x0009fc98       0x50 /usr/local/ps2dev/ee/lib/gcc/mips64r5900el-ps2-elf/15.2.0/../../../../mips64r5900el-ps2-elf/lib/libc_nano.a(libc_a-strncmp.o)
                0x0009fc98                strncmp
 .text          0x0009fce8      0x680 /usr/local/ps2dev/ee/lib/gcc/mips64r5900el-ps2-elf/15.2.0/../../../../mips64r5900el-ps2-elf/lib/libc_nano.a(libc_a-nano-svfscanf.o)
                0x0009fce8                _sungetc_r
                0x0009fdf0                __ssrefill_r
                0x0009fe68                __ssvfscanf_r
                0x0009fe68                __ssvfiscanf_r
 .text          0x000a0368      0x108 /usr/local/ps2dev/ee/lib/gcc/mips64r5900el-ps2-elf/15.2.0/../../../../mips64r5900el-ps2-elf/lib/libc_nano.a(libc_a-sccl.o)
                0x000a0368                __sccl
 .text          0x000a0470      0x314 /usr/local/ps2dev/ee/lib/gcc/mips64r5900el-ps2-elf/15.2.0/../../../../mips64r5900el-ps2-elf/lib/libc_nano.a(libc_a-ungetc.o)
                0x000a0470                __submore
                0x000a053c                _ungetc_r
                0x000a0770                ungetc
 .text          0x000a0784      0x55c /usr/local/ps2dev/ee/lib/gcc/mips64r5900el-ps2-elf/15.2.0/../../../../mips64r5900el-ps2-elf/lib/libc_nano.a(libc_a-nano-vfscanf_i.o)
                0x000a0784                _scanf_chars
                0x000a0934                _scanf_i
 .text          0x000a0ce0      0x250 /usr/local/ps2dev/ee/lib/gcc/mips64r5900el-ps2-elf/15.2.0/../../../../mips64r5900el-ps2-elf/lib/libc_nano.a(libc_a-strtol.o)
                0x000a0ef8                _strtol_r
                0x000a0f00                strtol_l
                0x000a0f18                strtol
 .text          0x000a0f30        0x8 /usr/local/ps2dev/ps2sdk/ee/lib/libcglue.a(_getpid.o)
                0x000a0f30                _getpid
 .text          0x000a0f38       0x18 /usr/local/ps2dev/ps2sdk/ee/lib/libcglue.a(_kill.o)
                0x000a0f38                _kill
 .text          0x000a0f50        0x8 /usr/local/ps2dev/ps2sdk/ee/lib/libcglue.a(__retarget_lock_acquire.o)
                0x000a0f50                __retarget_lock_acquire
 .text          0x000a0f58        0x8 /usr/local/ps2dev/ps2sdk/ee/lib/libcglue.a(__retarget_lock_release.o)
                0x000a0f58                __retarget_lock_release
 .text          0x000a0f60       0x60 /usr/local/ps2dev/ee/lib/gcc/mips64r5900el-ps2-elf/15.2.0/crtend.o
 *(.text.*)
 .text.pkoLoadModule.constprop.0
                0x000a0fc0       0x58 ps2link.o
 .text._libcglue_rtc_update
                0x000a1018        0x8 ps2link.o
                0x000a1018                _libcglue_rtc_update
 .text.InitAlarm
                0x000a1020        0x8 ps2link.o
                0x000a1020                InitAlarm
 .text.InitThread
                0x000a1028        0x8 ps2link.o
                0x000a1028                InitThread
 .text.iWakeupThread
                0x000a1030        0x8 ps2link.o
                0x000a1030                iWakeupThread
 .text.InitExecPS2
                0x000a1038        0x8 ps2link.o
                0x000a1038                InitExecPS2
 .text.ExecPS2  0x000a1040        0x8 ps2link.o
                0x000a1040                ExecPS2
 .text.InitTLBFunctions
                0x000a1048        0x8 ps2link.o
                0x000a1048                InitTLBFunctions
 .text.Exit     0x000a1050       0x10 ps2link.o
                0x000a1050                Exit
 .text._ps2sdk_init_timer
                0x000a1060        0x8 ps2link.o
                0x000a1060                _ps2sdk_init_timer
 .text.__libpthreadglue_init
                0x000a1068        0x8 ps2link.o
                0x000a1068                __libpthreadglue_init
 .text.__libpthreadglue_deinit
                0x000a1070        0x8 ps2link.o
                0x000a1070                __libpthreadglue_deinit
 .text.startup.main
                0x000a1078      0x434 ps2link.o
                0x000a1078                main
 .text.htonl    0x000a14ac       0x2c cmdHandler.o
 .text.pkoCmdIntrHandler
                0x000a14d8       0x68 cmdHandler.o
 .text.pkoDumpReg.isra.0
                0x000a1540      0x6cc cmdHandler.o
 .text.pkoExecEE.isra.0
                0x000a1c0c      0x1e4 cmdHandler.o
 .text.initCmdRpc
                0x000a1df0      0x134 cmdHandler.o
                0x000a1df0                initCmdRpc
 .text.pkoReset
                0x000a1f24       0xc4 cmdHandler.o
                0x000a1f24                pkoReset
 .text.cmdThread
                0x000a1fe8      0x494 cmdHandler.o
 .text.pkoDebug
                0x000a247c      0x170 excepHandler.o
                0x000a247c                pkoDebug
 .text.iopException
                0x000a25ec      0x198 excepHandler.o
                0x000a25ec                iopException
 .text.installExceptionHandlers
                0x000a2784       0xa0 excepHandler.o
                0x000a2784                installExceptionHandlers
 *fill*         0x000a2824        0x4 
 .text.startup  0x000a2828        0x8 /usr/local/ps2dev/ps2sdk/ee/lib/libcglue.a(__fioOpsInitialize.o)
 *(.gnu.linkonce.t*)
 *(.init)
 .init          0x000a2830        0x8 /usr/local/ps2dev/ee/lib/gcc/mips64r5900el-ps2-elf/15.2.0/crti.o
                0x000a2830                _init
 .init          0x000a2838       0x18 /usr/local/ps2dev/ee/lib/gcc/mips64r5900el-ps2-elf/15.2.0/crtbegin.o
 .init          0x000a2850       0x18 /usr/local/ps2dev/ee/lib/gcc/mips64r5900el-ps2-elf/15.2.0/crtend.o
 .init          0x000a2868        0xc /usr/local/ps2dev/ee/lib/gcc/mips64r5900el-ps2-elf/15.2.0/crtn.o
 *(.fini)
 .fini          0x000a2874        0x8 /usr/local/ps2dev/ee/lib/gcc/mips64r5900el-ps2-elf/15.2.0/crti.o
                0x000a2874                _fini
 .fini          0x000a287c       0x18 /usr/local/ps2dev/ee/lib/gcc/mips64r5900el-ps2-elf/15.2.0/crtbegin.o
 .fini          0x000a2894        0xc /usr/local/ps2dev/ee/lib/gcc/mips64r5900el-ps2-elf/15.2.0/crtn.o
                0x000a28a0        0x8 QUAD 0x0
                [!provide]                        PROVIDE (_etext = .)
                [!provide]                        PROVIDE (etext = .)

.ctors          0x000a28b0        0xc
 *crtbegin*.o(.ctors)
 .ctors         0x000a28b0        0x4 /usr/local/ps2dev/ee/lib/gcc/mips64r5900el-ps2-elf/15.2.0/crtbegin.o
 *(EXCLUDE_FILE(*crtend*.o) .ctors)
 .ctors         0x000a28b4        0x4 /usr/local/ps2dev/ps2sdk/ee/lib/libcglue.a(__fioOpsInitialize.o)
 *(SORT_BY_NAME(.ctors.*))
 *(.ctors)
 .ctors         0x000a28b8        0x4 /usr/local/ps2dev/ee/lib/gcc/mips64r5900el-ps2-elf/15.2.0/crtend.o

.dtors          0x000a28c0        0x8
 *crtbegin*.o(.dtors)
 .dtors         0x000a28c0        0x4 /usr/local/ps2dev/ee/lib/gcc/mips64r5900el-ps2-elf/15.2.0/crtbegin.o
 *(EXCLUDE_FILE(*crtend*.o) .dtors)
 *(SORT_BY_NAME(.dtors.*))
 *(.dtors)
 .dtors         0x000a28c4        0x4 /usr/local/ps2dev/ee/lib/gcc/mips64r5900el-ps2-elf/15.2.0/crtend.o
                0x000a28c4                __DTOR_END__

.reginfo        0x000a28c8       0x18
 *(.reginfo)
 .reginfo       0x000a28c8       0x18 /usr/local/ps2dev/ee/lib/gcc/mips64r5900el-ps2-elf/15.2.0/crti.o

.data           0x000a2900    0x2689c
                0x000a2900                        _fdata = .
 *(.data)
 .data          0x000a2900      0xa00 /tmp/cc5SqjqO.ltrans0.ltrans.o
 .data          0x000a3300       0x48 ps2link.o
                0x000a3300                if_conf_len
                0x000a3308                if_conf
 .data          0x000a3348       0x4c /usr/local/ps2dev/ee/lib/gcc/mips64r5900el-ps2-elf/15.2.0/../../../../mips64r5900el-ps2-elf/lib/libc_nano.a(libc_a-impure.o)
                0x000a3348                _impure_data
 *fill*         0x000a3394        0x4 
 .data          0x000a3398        0xc /usr/local/ps2dev/ee/lib/gcc/mips64r5900el-ps2-elf/15.2.0/../../../../mips64r5900el-ps2-elf/lib/libc_nano.a(libc_a-findfp.o)
                0x000a3398                __sglue
 .data          0x000a33a4        0x4 /usr/local/ps2dev/ps2sdk/ee/lib/libcglue.a(_sbrk.o)
 .data          0x000a33a8        0x4 /usr/local/ps2dev/ps2sdk/ee/lib/libcglue.a(_libcglue_fdman_path_ops.o)
                0x000a33a8                _libcglue_fdman_path_ops
 .data          0x000a33ac        0x4 /usr/local/ps2dev/ps2sdk/ee/lib/libcglue.a(__fdman_sema.o)
                0x000a33ac                __fdman_sema
 *fill*         0x000a33b0       0x10 
 .data          0x000a33c0       0x40 /usr/local/ps2dev/ps2sdk/ee/lib/libkernel.a(SifRpcMain.o)
                0x000a33c0                _sif_rpc_data
 .data          0x000a3400        0x4 /usr/local/ps2dev/ps2sdk/ee/lib/libkernel.a(sif_cmd_main.o)
 .data          0x000a3404        0x8 /usr/local/ps2dev/ps2sdk/ee/lib/libkernel.a(__fio_internals.o)
                0x000a3404                _fio_completion_sema
                0x000a3408                _fio_io_sema
 *fill*         0x000a340c        0x4 
 .data          0x000a3410        0x8 /usr/local/ps2dev/ps2sdk/ee/lib/libkernel.a(_config_internals.o)
                0x000a3410                g_t10KConfig
 .data          0x000a3418        0x8 /usr/local/ps2dev/ee/lib/gcc/mips64r5900el-ps2-elf/15.2.0/../../../../mips64r5900el-ps2-elf/lib/libc_nano.a(libc_a-tzvars.o)
                0x000a3418                _tzname
 .data          0x000a3420       0x58 /usr/local/ps2dev/ee/lib/gcc/mips64r5900el-ps2-elf/15.2.0/../../../../mips64r5900el-ps2-elf/lib/libc_nano.a(libc_a-gettzinfo.o)
 .data          0x000a3478        0x4 /usr/local/ps2dev/ee/lib/gcc/mips64r5900el-ps2-elf/15.2.0/../../../../mips64r5900el-ps2-elf/lib/libc_nano.a(libc_a-environ.o)
                0x000a3478                environ
 *(.data.*)
 .data.excepscrdump
                0x000a347c        0x4 cmdHandler.o
                0x000a347c                excepscrdump
 .data.sifDmaDataPtr
                0x000a3480        0x4 cmdHandler.o
                0x000a3480                sifDmaDataPtr
 *fill*         0x000a3484        0x4 
 .data.codeTxt  0x000a3488      0x150 excepHandler.o
 *fill*         0x000a35d8        0x8 
 .data.ioptrap_irx
                0x000a35e0     0x10cd ioptrap_irx.o
                0x000a35e0                ioptrap_irx
 *fill*         0x000a46ad        0x3 
 .data.size_ioptrap_irx
                0x000a46b0        0x4 ioptrap_irx.o
                0x000a46b0                size_ioptrap_irx
 *fill*         0x000a46b4        0xc 
 .data.ps2dev9_irx
                0x000a46c0     0x2ae1 ps2dev9_irx.o
                0x000a46c0                ps2dev9_irx
 *fill*         0x000a71a1        0x3 
 .data.size_ps2dev9_irx
                0x000a71a4        0x4 ps2dev9_irx.o
                0x000a71a4                size_ps2dev9_irx
 *fill*         0x000a71a8        0x8 
 .data.poweroff_irx
                0x000a71b0      0xda1 poweroff_irx.o
                0x000a71b0                poweroff_irx
 *fill*         0x000a7f51        0x3 
 .data.size_poweroff_irx
                0x000a7f54        0x4 poweroff_irx.o
                0x000a7f54                size_poweroff_irx
 *fill*         0x000a7f58        0x8 
 .data.netman_irx
                0x000a7f60     0x266d netman_irx.o
                0x000a7f60                netman_irx
 *fill*         0x000aa5cd        0x3 
 .data.size_netman_irx
                0x000aa5d0        0x4 netman_irx.o
                0x000aa5d0                size_netman_irx
 *fill*         0x000aa5d4        0xc 
 .data.smap_irx
                0x000aa5e0     0x367d smap_irx.o
                0x000aa5e0                smap_irx
 *fill*         0x000adc5d        0x3 
 .data.size_smap_irx
                0x000adc60        0x4 smap_irx.o
                0x000adc60                size_smap_irx
 *fill*         0x000adc64        0xc 
 .data.udptty_irx
                0x000adc70      0xc69 udptty_irx.o
                0x000adc70                udptty_irx
 *fill*         0x000ae8d9        0x3 
 .data.size_udptty_irx
                0x000ae8dc        0x4 udptty_irx.o
                0x000ae8dc                size_udptty_irx
 .data.ps2link_irx
                0x000ae8e0     0x3805 ps2link_irx.o
                0x000ae8e0                ps2link_irx
 *fill*         0x000b20e5        0x3 
 .data.size_ps2link_irx
                0x000b20e8        0x4 ps2link_irx.o
                0x000b20e8                size_ps2link_irx
 *fill*         0x000b20ec        0x4 
 .data.ps2ip_nm_irx
                0x000b20f0    0x170a5 ps2ip_nm_irx.o
                0x000b20f0                ps2ip_nm_irx
 *fill*         0x000c9195        0x3 
 .data.size_ps2ip_nm_irx
                0x000c9198        0x4 ps2ip_nm_irx.o
                0x000c9198                size_ps2ip_nm_irx
 *(.gnu.linkonce.d*)

.tm_clone_table
                0x000c919c        0x0
 .tm_clone_table
                0x000c919c        0x0 /usr/local/ps2dev/ee/lib/gcc/mips64r5900el-ps2-elf/15.2.0/crtbegin.o
 .tm_clone_table
                0x000c919c        0x0 /usr/local/ps2dev/ee/lib/gcc/mips64r5900el-ps2-elf/15.2.0/crtend.o

.rodata         0x000c9200     0x1740
 *(.rodata)
 .rodata        0x000c9200      0x1b4 cmdHandler.o
 .rodata        0x000c93b4       0x58 /usr/local/ps2dev/ee/lib/gcc/mips64r5900el-ps2-elf/15.2.0/../../../../mips64r5900el-ps2-elf/lib/libc_nano.a(libc_a-nano-vfprintf_i.o)
 *fill*         0x000c940c        0x4 
 .rodata        0x000c9410       0x10 /usr/local/ps2dev/ps2sdk/ee/lib/libcglue.a(_libcglue_timezone_update_impl.o)
 .rodata        0x000c9420       0x10 /usr/local/ps2dev/ps2sdk/ee/lib/libkernel.a(GetRomName.o)
 .rodata        0x000c9430       0x60 /usr/local/ps2dev/ee/lib/gcc/mips64r5900el-ps2-elf/15.2.0/../../../../mips64r5900el-ps2-elf/lib/libc_nano.a(libc_a-mktime.o)
 .rodata        0x000c9490       0x60 /usr/local/ps2dev/ee/lib/gcc/mips64r5900el-ps2-elf/15.2.0/../../../../mips64r5900el-ps2-elf/lib/libc_nano.a(libc_a-month_lengths.o)
                0x000c9490                __month_lengths
 .rodata        0x000c94f0      0x23c /usr/local/ps2dev/ee/lib/gcc/mips64r5900el-ps2-elf/15.2.0/../../../../mips64r5900el-ps2-elf/lib/libc_nano.a(libc_a-strerror.o)
 *fill*         0x000c972c        0x4 
 .rodata        0x000c9730      0x288 /usr/local/ps2dev/ee/lib/gcc/mips64r5900el-ps2-elf/15.2.0/../../../../mips64r5900el-ps2-elf/lib/libc_nano.a(libc_a-ctype_.o)
                0x000c9730                _ctype_
                0x000c9838                _ctype_b
 .rodata        0x000c99b8       0x84 /usr/local/ps2dev/ee/lib/gcc/mips64r5900el-ps2-elf/15.2.0/../../../../mips64r5900el-ps2-elf/lib/libc_nano.a(libc_a-nano-svfscanf.o)
 *(.rodata.*)
 .rodata.str1.8
                0x000c9a3c        0x0 /tmp/cc5SqjqO.ltrans0.ltrans.o
                                 0x27 (size before relaxing)
 *fill*         0x000c9a3c        0x4 
 .rodata.pkoLoadModule.constprop.0.str1.8
                0x000c9a40      0xdf7 ps2link.o
                                 0x1e (size before relaxing)
 .rodata.main.str1.8
                0x000ca837        0x0 ps2link.o
                                0x17c (size before relaxing)
 .rodata.pkoDumpReg.isra.0.str1.8
                0x000ca837        0x0 cmdHandler.o
                                 0x1f (size before relaxing)
 *fill*         0x000ca837        0x1 
 .rodata.pkoDumpReg.isra.0
                0x000ca838       0x34 cmdHandler.o
 .rodata.pkoExecEE.isra.0.str1.8
                0x000ca86c        0x0 cmdHandler.o
                                 0x81 (size before relaxing)
 .rodata.initCmdRpc.str1.8
                0x000ca86c        0x0 cmdHandler.o
                                 0x4e (size before relaxing)
 .rodata.cmdThread.str1.8
                0x000ca86c        0x0 cmdHandler.o
                                 0xb4 (size before relaxing)
 .rodata.cmdThread
                0x000ca86c       0x34 cmdHandler.o
 .rodata.pkoDebug.str1.8
                0x000ca8a0        0x0 excepHandler.o
                                 0xa2 (size before relaxing)
 .rodata.iopException.str1.8
                0x000ca8a0        0x0 excepHandler.o
                                 0xa0 (size before relaxing)
 .rodata.regName
                0x000ca8a0       0xa0 excepHandler.o
 .rodata.str1.8
                0x000ca940        0x0 /usr/local/ps2dev/ee/lib/gcc/mips64r5900el-ps2-elf/15.2.0/../../../../mips64r5900el-ps2-elf/lib/libc_nano.a(libc_a-nano-vfprintf.o)
                                 0x17 (size before relaxing)
 .rodata.str1.8
                0x000ca940        0x0 /usr/local/ps2dev/ee/lib/gcc/mips64r5900el-ps2-elf/15.2.0/../../../../mips64r5900el-ps2-elf/lib/libc_nano.a(libc_a-nano-vfprintf_i.o)
                                 0x29 (size before relaxing)
 .rodata.str1.8
                0x000ca940        0x0 /usr/local/ps2dev/ps2sdk/ee/lib/libcglue.a(__init_cwd.o)
                                  0x6 (size before relaxing)
 .rodata.str1.8
                0x000ca940        0x0 /usr/local/ps2dev/ps2sdk/ee/lib/libcglue.a(__retarget_lock_release_recursive.o)
                                 0x4c (size before relaxing)
 .rodata.str1.8
                0x000ca940        0x0 /usr/local/ps2dev/ps2sdk/ee/lib/libcglue.a(_libcglue_timezone_update_impl.o)
                                 0x3b (size before relaxing)
 .rodata.str1.8
                0x000ca940        0x0 /usr/local/ps2dev/ps2sdk/ee/lib/libcglue.a(__get_drive.o)
                                 0x1f (size before relaxing)
 .rodata.str1.8
                0x000ca940        0x0 /usr/local/ps2dev/ps2sdk/ee/lib/libkernel.a(GetRomNameWithIODriver.o)
                                  0xc (size before relaxing)
 .rodata.str1.8
                0x000ca940        0x0 /usr/local/ps2dev/ee/lib/gcc/mips64r5900el-ps2-elf/15.2.0/../../../../mips64r5900el-ps2-elf/lib/libc_nano.a(libc_a-tzvars.o)
                                  0x4 (size before relaxing)
 .rodata.str1.8
                0x000ca940        0x0 /usr/local/ps2dev/ee/lib/gcc/mips64r5900el-ps2-elf/15.2.0/../../../../mips64r5900el-ps2-elf/lib/libc_nano.a(libc_a-perror.o)
                                  0xa (size before relaxing)
 .rodata.str1.8
                0x000ca940        0x0 /usr/local/ps2dev/ee/lib/gcc/mips64r5900el-ps2-elf/15.2.0/../../../../mips64r5900el-ps2-elf/lib/libc_nano.a(libc_a-nano-svfprintf.o)
                                 0x17 (size before relaxing)
 .rodata.str1.8
                0x000ca940        0x0 /usr/local/ps2dev/ee/lib/gcc/mips64r5900el-ps2-elf/15.2.0/../../../../mips64r5900el-ps2-elf/lib/libc_nano.a(libc_a-tzset_r.o)
                                 0x83 (size before relaxing)
 .rodata.str1.8
                0x000ca940        0x0 /usr/local/ps2dev/ee/lib/gcc/mips64r5900el-ps2-elf/15.2.0/../../../../mips64r5900el-ps2-elf/lib/libc_nano.a(libc_a-strerror.o)
                                0x799 (size before relaxing)
 .rodata.str1.8
                0x000ca940        0x0 /usr/local/ps2dev/ee/lib/gcc/mips64r5900el-ps2-elf/15.2.0/../../../../mips64r5900el-ps2-elf/lib/libc_nano.a(libc_a-nano-svfscanf.o)
                                  0x4 (size before relaxing)
 .rodata.str1.8
                0x000ca940        0x0 /usr/local/ps2dev/ee/lib/gcc/mips64r5900el-ps2-elf/15.2.0/../../../../mips64r5900el-ps2-elf/lib/libc_nano.a(libc_a-nano-vfscanf_i.o)
                                 0x2a (size before relaxing)
 *(.gnu.linkonce.r*)

.MIPS.abiflags  0x000ca940       0x18
 .MIPS.abiflags
                0x000ca940       0x18 /usr/local/ps2dev/ee/lib/gcc/mips64r5900el-ps2-elf/15.2.0/crti.o

.eh_frame       0x000ca958        0x0
 .eh_frame      0x000ca958        0x0 /usr/local/ps2dev/ee/lib/gcc/mips64r5900el-ps2-elf/15.2.0/crtbegin.o

.rel.dyn        0x000ca958        0x0
 .rel.dyn       0x000ca958        0x0 /usr/local/ps2dev/ee/lib/gcc/mips64r5900el-ps2-elf/15.2.0/../../../../mips64r5900el-ps2-elf/lib/libc_nano.a(libc_a-impure.o)

.rdata
 *(.rdata)

.gcc_except_table
 *(.gcc_except_table)
                0x000d2970                        _gp = (ALIGN (0x80) + 0x7ff0)

.lit4
 *(.lit4)

.lit8
 *(.lit8)

.sdata          0x000ca980        0x4
 *(.sdata)
 .sdata         0x000ca980        0x4 /usr/local/ps2dev/ee/lib/gcc/mips64r5900el-ps2-elf/15.2.0/../../../../mips64r5900el-ps2-elf/lib/libc_nano.a(libc_a-impure.o)
                0x000ca980                _impure_ptr
 *(.sdata.*)
 *(.gnu.linkonce.s*)
                0x000ca984                        _edata = .
                [!provide]                        PROVIDE (edata = .)

.sbss           0x000caa00        0x0
                0x000caa00                        _fbss = .
 *(.sbss)
 *(.sbss.*)
 *(.gnu.linkonce.sb*)
 *(.scommon)

.bss            0x000caa00    0x11960
 *(.bss)
 .bss           0x000caa00      0x590 /tmp/cc5SqjqO.ltrans0.ltrans.o
 .bss           0x000caf90       0x20 /usr/local/ps2dev/ee/lib/gcc/mips64r5900el-ps2-elf/15.2.0/crtbegin.o
 .bss           0x000cafb0      0x154 /usr/local/ps2dev/ee/lib/gcc/mips64r5900el-ps2-elf/15.2.0/../../../../mips64r5900el-ps2-elf/lib/libc_nano.a(libc_a-findfp.o)
                0x000cafb0                __sf
                0x000cb100                __stdio_exit_handler
 .bss           0x000cb104        0x8 /usr/local/ps2dev/ee/lib/gcc/mips64r5900el-ps2-elf/15.2.0/../../../../mips64r5900el-ps2-elf/lib/libc_nano.a(libc_a-mallocr.o)
                0x000cb104                __malloc_sbrk_start
                0x000cb108                __malloc_free_list
 .bss           0x000cb10c        0x4 /usr/local/ps2dev/ee/lib/gcc/mips64r5900el-ps2-elf/15.2.0/../../../../mips64r5900el-ps2-elf/lib/libc_nano.a(libc_a-reent.o)
                0x000cb10c                errno
 .bss           0x000cb110        0xc /usr/local/ps2dev/ps2sdk/ee/lib/libcglue.a(__lock___sfp_recursive_mutex.o)
                0x000cb110                __lock___sfp_recursive_mutex
 *fill*         0x000cb11c        0x4 
 .bss           0x000cb120        0xc /usr/local/ps2dev/ps2sdk/ee/lib/libcglue.a(__lock___malloc_recursive_mutex.o)
                0x000cb120                __lock___malloc_recursive_mutex
 *fill*         0x000cb12c        0x4 
 .bss           0x000cb130      0x100 /usr/local/ps2dev/ps2sdk/ee/lib/libcglue.a(__descriptormap.o)
                0x000cb130                __descriptormap
 .bss           0x000cb230      0x100 /usr/local/ps2dev/ps2sdk/ee/lib/libcglue.a(__cwd.o)
                0x000cb230                __cwd
 .bss           0x000cb330        0x4 /usr/local/ps2dev/ps2sdk/ee/lib/libcglue.a(__cwd_len.o)
                0x000cb330                __cwd_len
 *fill*         0x000cb334        0x4 
 .bss           0x000cb338        0xc /usr/local/ps2dev/ps2sdk/ee/lib/libcglue.a(__lock___atexit_recursive_mutex.o)
                0x000cb338                __lock___atexit_recursive_mutex
 *fill*         0x000cb344        0x4 
 .bss           0x000cb348        0xc /usr/local/ps2dev/ps2sdk/ee/lib/libcglue.a(__lock___at_quick_exit_mutex.o)
                0x000cb348                __lock___at_quick_exit_mutex
 *fill*         0x000cb354        0x4 
 .bss           0x000cb358        0xc /usr/local/ps2dev/ps2sdk/ee/lib/libcglue.a(__lock___env_recursive_mutex.o)
                0x000cb358                __lock___env_recursive_mutex
 *fill*         0x000cb364        0x4 
 .bss           0x000cb368        0xc /usr/local/ps2dev/ps2sdk/ee/lib/libcglue.a(__lock___tz_mutex.o)
                0x000cb368                __lock___tz_mutex
 *fill*         0x000cb374        0x4 
 .bss           0x000cb378        0xc /usr/local/ps2dev/ps2sdk/ee/lib/libcglue.a(__lock___dd_hash_mutex.o)
                0x000cb378                __lock___dd_hash_mutex
 *fill*         0x000cb384        0x4 
 .bss           0x000cb388        0xc /usr/local/ps2dev/ps2sdk/ee/lib/libcglue.a(__lock___arc4random_mutex.o)
                0x000cb388                __lock___arc4random_mutex
 *fill*         0x000cb394        0x4 
 .bss           0x000cb398        0xf /usr/local/ps2dev/ps2sdk/ee/lib/libcglue.a(_libcglue_timezone_update_impl.o)
 *fill*         0x000cb3a7        0x1 
 .bss           0x000cb3a8      0x400 /usr/local/ps2dev/ps2sdk/ee/lib/libcglue.a(__descriptor_data_pool.o)
                0x000cb3a8                __descriptor_data_pool
 .bss           0x000cb7a8       0xf0 /usr/local/ps2dev/ps2sdk/ee/lib/libcglue.a(__fioOpsInitialize.o)
                0x000cb7a8                __fio_fdman_ops_dir
                0x000cb810                __fio_fdman_ops_file
                0x000cb878                __fio_fdman_path_ops
 *fill*         0x000cb898       0x28 
 .bss           0x000cb8c0     0x1840 /usr/local/ps2dev/ps2sdk/ee/lib/libkernel.a(SifRpcMain.o)
 .bss           0x000cd100       0x34 /usr/local/ps2dev/ps2sdk/ee/lib/libkernel.a(SifInitIopHeap.o)
                0x000cd100                _ih_caps
                0x000cd108                _ih_cd
 *fill*         0x000cd134        0xc 
 .bss           0x000cd140       0x68 /usr/local/ps2dev/ps2sdk/ee/lib/libkernel.a(SifIopReset.o)
 .bss           0x000cd1a8        0x4 /usr/local/ps2dev/ps2sdk/ee/lib/libkernel.a(__iop_control_internals.o)
                0x000cd1a8                _iop_reboot_count
 *fill*         0x000cd1ac       0x14 
 .bss           0x000cd1c0      0x340 /usr/local/ps2dev/ps2sdk/ee/lib/libkernel.a(sif_cmd_main.o)
                0x000cd1c0                _sif_cmd_data
 .bss           0x000cd500      0x8e8 /usr/local/ps2dev/ps2sdk/ee/lib/libkernel.a(__fio_internals.o)
                0x000cd500                _fio_block_mode
                0x000cd504                _fio_init
                0x000cd540                _fio_intr_data
                0x000cd5c0                _fio_recv_data
                0x000cddc0                _fio_cd
 .bss           0x000cdde8        0x4 /usr/local/ps2dev/ps2sdk/ee/lib/libkernel.a(fio_init.o)
 *fill*         0x000cddec        0x4 
 .bss           0x000cddf0       0x34 /usr/local/ps2dev/ps2sdk/ee/lib/libkernel.a(SifLoadFileInit.o)
                0x000cddf0                _lf_init
                0x000cddf8                _lf_cd
 *fill*         0x000cde24        0x4 
 .bss           0x000cde28        0xf /usr/local/ps2dev/ps2sdk/ee/lib/libkernel.a(_info_internals.o)
                0x000cde28                g_RomName
 *fill*         0x000cde37        0x1 
 .bss           0x000cde38        0x8 /usr/local/ps2dev/ee/lib/gcc/mips64r5900el-ps2-elf/15.2.0/../../../../mips64r5900el-ps2-elf/lib/libc_nano.a(libc_a-tzvars.o)
                0x000cde38                _timezone
                0x000cde3c                _daylight
 .bss           0x000cde40        0x4 /usr/local/ps2dev/ee/lib/gcc/mips64r5900el-ps2-elf/15.2.0/../../../../mips64r5900el-ps2-elf/lib/libc_nano.a(libc_a-setenv_r.o)
 *fill*         0x000cde44        0x4 
 .bss           0x000cde48       0x24 /usr/local/ps2dev/ee/lib/gcc/mips64r5900el-ps2-elf/15.2.0/../../../../mips64r5900el-ps2-elf/lib/libc_nano.a(libc_a-tzset_r.o)
 *fill*         0x000cde6c        0x4 
 .bss           0x000cde70        0x4 /usr/local/ps2dev/ee/lib/gcc/mips64r5900el-ps2-elf/15.2.0/../../../../mips64r5900el-ps2-elf/lib/libc_nano.a(libc_a-environ.o)
 *(.bss.*)
 *fill*         0x000cde74        0xc 
 .bss.elfName   0x000cde80       0xff ps2link.o
                0x000cde80                elfName
 *fill*         0x000cdf7f        0x1 
 .bss.sif0HandlerId
                0x000cdf80        0x4 cmdHandler.o
                0x000cdf80                sif0HandlerId
 *fill*         0x000cdf84        0xc 
 .bss.dataBuffer
                0x000cdf90     0x4000 cmdHandler.o
 *fill*         0x000d1f90       0x30 
 .bss.cmdThreadStack
                0x000d1fc0     0x4000 cmdHandler.o
 .bss.userThreadStack
                0x000d5fc0     0x4000 cmdHandler.o
 .bss.cmdThreadID
                0x000d9fc0        0x4 cmdHandler.o
 *fill*         0x000d9fc4        0x4 
 .bss.userArgs  0x000d9fc8      0x148 cmdHandler.o
 .bss.userThreadID
                0x000da110        0x4 cmdHandler.o
                0x000da110                userThreadID
 .bss.excpPrintf.0
                0x000da114        0x4 excepHandler.o
 .bss.excpPrintf.1
                0x000da118        0x4 excepHandler.o
 *fill*         0x000da11c        0x4 
 .bss._savedRegs
                0x000da120      0x240 excepHandler.o
                0x000da120                _savedRegs
 .bss._exceptionStack
                0x000da360     0x2000 excepHandler.o
                0x000da360                _exceptionStack
 *(.gnu.linkonce.b*)
 *(COMMON)
                0x000dc360                        _end_bss = .
                0x000dc360                        _end = .
                [!provide]                        PROVIDE (end = .)

.spad
 *(.spad)
                0x00008000                        PROVIDE (_stack_size = 0x8000)
                0x000f8000                        PROVIDE (_stack = (END_MAIN_REGION - _stack_size))
                0xffffffff                        PROVIDE (_heap_size = 0xffffffffffffffff)
OUTPUT(ps2link.elf elf32-nlittlemips)

.mdebug.abiN32  0x00000000        0x0
 .mdebug.abiN32
                0x00000000        0x0 /tmp/cc5SqjqO.ltrans0.ltrans.o
 .mdebug.abiN32
                0x00000000        0x0 /usr/local/ps2dev/ee/lib/gcc/mips64r5900el-ps2-elf/15.2.0/crtbegin.o
 .mdebug.abiN32
                0x00000000        0x0 ps2link.o
 .mdebug.abiN32
                0x00000000        0x0 cmdHandler.o
 .mdebug.abiN32
                0x00000000        0x0 excepHandler.o
 .mdebug.abiN32
                0x00000000        0x0 ioptrap_irx.o
 .mdebug.abiN32
                0x00000000        0x0 ps2dev9_irx.o
 .mdebug.abiN32
                0x00000000        0x0 poweroff_irx.o
 .mdebug.abiN32
                0x00000000        0x0 netman_irx.o
 .mdebug.abiN32
                0x00000000        0x0 smap_irx.o
 .mdebug.abiN32
                0x00000000        0x0 udptty_irx.o
 .mdebug.abiN32
                0x00000000        0x0 ps2link_irx.o
 .mdebug.abiN32
                0x00000000        0x0 ps2ip_nm_irx.o
 .mdebug.abiN32
                0x00000000        0x0 /usr/local/ps2dev/ee/lib/gcc/mips64r5900el-ps2-elf/15.2.0/../../../../mips64r5900el-ps2-elf/lib/libc_nano.a(libc_a-memcpy.o)
 .mdebug.abiN32
                0x00000000        0x0 /usr/local/ps2dev/ee/lib/gcc/mips64r5900el-ps2-elf/15.2.0/../../../../mips64r5900el-ps2-elf/lib/libc_nano.a(libc_a-strlen.o)
 .mdebug.abiN32
                0x00000000        0x0 /usr/local/ps2dev/ee/lib/gcc/mips64r5900el-ps2-elf/15.2.0/../../../../mips64r5900el-ps2-elf/lib/libc_nano.a(libc_a-puts.o)
 .mdebug.abiN32
                0x00000000        0x0 /usr/local/ps2dev/ee/lib/gcc/mips64r5900el-ps2-elf/15.2.0/../../../../mips64r5900el-ps2-elf/lib/libc_nano.a(libc_a-memset.o)
 .mdebug.abiN32
                0x00000000        0x0 /usr/local/ps2dev/ee/lib/gcc/mips64r5900el-ps2-elf/15.2.0/../../../../mips64r5900el-ps2-elf/lib/libc_nano.a(libc_a-printf.o)
 .mdebug.abiN32
                0x00000000        0x0 /usr/local/ps2dev/ee/lib/gcc/mips64r5900el-ps2-elf/15.2.0/../../../../mips64r5900el-ps2-elf/lib/libc_nano.a(libc_a-sysclose.o)
 .mdebug.abiN32
                0x00000000        0x0 /usr/local/ps2dev/ee/lib/gcc/mips64r5900el-ps2-elf/15.2.0/../../../../mips64r5900el-ps2-elf/lib/libc_nano.a(libc_a-sysopen.o)
 .mdebug.abiN32
                0x00000000        0x0 /usr/local/ps2dev/ee/lib/gcc/mips64r5900el-ps2-elf/15.2.0/../../../../mips64r5900el-ps2-elf/lib/libc_nano.a(libc_a-nano-vfprintf.o)
 .mdebug.abiN32
                0x00000000        0x0 /usr/local/ps2dev/ee/lib/gcc/mips64r5900el-ps2-elf/15.2.0/../../../../mips64r5900el-ps2-elf/lib/libc_nano.a(libc_a-wsetup.o)
 .mdebug.abiN32
                0x00000000        0x0 /usr/local/ps2dev/ee/lib/gcc/mips64r5900el-ps2-elf/15.2.0/../../../../mips64r5900el-ps2-elf/lib/libc_nano.a(libc_a-strncpy.o)
 .mdebug.abiN32
                0x00000000        0x0 /usr/local/ps2dev/ee/lib/gcc/mips64r5900el-ps2-elf/15.2.0/../../../../mips64r5900el-ps2-elf/lib/libc_nano.a(libc_a-syswrite.o)
 .mdebug.abiN32
                0x00000000        0x0 /usr/local/ps2dev/ee/lib/gcc/mips64r5900el-ps2-elf/15.2.0/../../../../mips64r5900el-ps2-elf/lib/libc_nano.a(libc_a-sysread.o)
 .mdebug.abiN32
                0x00000000        0x0 /usr/local/ps2dev/ee/lib/gcc/mips64r5900el-ps2-elf/15.2.0/../../../../mips64r5900el-ps2-elf/lib/libc_nano.a(libc_a-strcpy.o)
 .mdebug.abiN32
                0x00000000        0x0 /usr/local/ps2dev/ee/lib/gcc/mips64r5900el-ps2-elf/15.2.0/../../../../mips64r5900el-ps2-elf/lib/libc_nano.a(libc_a-writer.o)
 .mdebug.abiN32
                0x00000000        0x0 /usr/local/ps2dev/ee/lib/gcc/mips64r5900el-ps2-elf/15.2.0/../../../../mips64r5900el-ps2-elf/lib/libc_nano.a(libc_a-impure.o)
 .mdebug.abiN32
                0x00000000        0x0 /usr/local/ps2dev/ee/lib/gcc/mips64r5900el-ps2-elf/15.2.0/../../../../mips64r5900el-ps2-elf/lib/libc_nano.a(libc_a-nano-vfprintf_i.o)
 .mdebug.abiN32
                0x00000000        0x0 /usr/local/ps2dev/ee/lib/gcc/mips64r5900el-ps2-elf/15.2.0/../../../../mips64r5900el-ps2-elf/lib/libc_nano.a(libc_a-findfp.o)
 .mdebug.abiN32
                0x00000000        0x0 /usr/local/ps2dev/ee/lib/gcc/mips64r5900el-ps2-elf/15.2.0/../../../../mips64r5900el-ps2-elf/lib/libc_nano.a(libc_a-fflush.o)
 .mdebug.abiN32
                0x00000000        0x0 /usr/local/ps2dev/ee/lib/gcc/mips64r5900el-ps2-elf/15.2.0/../../../../mips64r5900el-ps2-elf/lib/libc_nano.a(libc_a-openr.o)
 .mdebug.abiN32
                0x00000000        0x0 /usr/local/ps2dev/ee/lib/gcc/mips64r5900el-ps2-elf/15.2.0/../../../../mips64r5900el-ps2-elf/lib/libc_nano.a(libc_a-wbuf.o)
 .mdebug.abiN32
                0x00000000        0x0 /usr/local/ps2dev/ee/lib/gcc/mips64r5900el-ps2-elf/15.2.0/../../../../mips64r5900el-ps2-elf/lib/libc_nano.a(libc_a-memchr.o)
 .mdebug.abiN32
                0x00000000        0x0 /usr/local/ps2dev/ee/lib/gcc/mips64r5900el-ps2-elf/15.2.0/../../../../mips64r5900el-ps2-elf/lib/libc_nano.a(libc_a-fwalk.o)
 .mdebug.abiN32
                0x00000000        0x0 /usr/local/ps2dev/ee/lib/gcc/mips64r5900el-ps2-elf/15.2.0/../../../../mips64r5900el-ps2-elf/lib/libc_nano.a(libc_a-stdio.o)
 .mdebug.abiN32
                0x00000000        0x0 /usr/local/ps2dev/ee/lib/gcc/mips64r5900el-ps2-elf/15.2.0/../../../../mips64r5900el-ps2-elf/lib/libc_nano.a(libc_a-makebuf.o)
 .mdebug.abiN32
                0x00000000        0x0 /usr/local/ps2dev/ee/lib/gcc/mips64r5900el-ps2-elf/15.2.0/../../../../mips64r5900el-ps2-elf/lib/libc_nano.a(libc_a-mallocr.o)
 .mdebug.abiN32
                0x00000000        0x0 /usr/local/ps2dev/ee/lib/gcc/mips64r5900el-ps2-elf/15.2.0/../../../../mips64r5900el-ps2-elf/lib/libc_nano.a(libc_a-readr.o)
 .mdebug.abiN32
                0x00000000        0x0 /usr/local/ps2dev/ee/lib/gcc/mips64r5900el-ps2-elf/15.2.0/../../../../mips64r5900el-ps2-elf/lib/libc_nano.a(libc_a-freer.o)
 .mdebug.abiN32
                0x00000000        0x0 /usr/local/ps2dev/ee/lib/gcc/mips64r5900el-ps2-elf/15.2.0/../../../../mips64r5900el-ps2-elf/lib/libc_nano.a(libc_a-fvwrite.o)
 .mdebug.abiN32
                0x00000000        0x0 /usr/local/ps2dev/ee/lib/gcc/mips64r5900el-ps2-elf/15.2.0/../../../../mips64r5900el-ps2-elf/lib/libc_nano.a(libc_a-closer.o)
 .mdebug.abiN32
                0x00000000        0x0 /usr/local/ps2dev/ee/lib/gcc/mips64r5900el-ps2-elf/15.2.0/../../../../mips64r5900el-ps2-elf/lib/libc_nano.a(libc_a-lseekr.o)
 .mdebug.abiN32
                0x00000000        0x0 /usr/local/ps2dev/ee/lib/gcc/mips64r5900el-ps2-elf/15.2.0/../../../../mips64r5900el-ps2-elf/lib/libc_nano.a(libc_a-reent.o)
 .mdebug.abiN32
                0x00000000        0x0 /usr/local/ps2dev/ee/lib/gcc/mips64r5900el-ps2-elf/15.2.0/../../../../mips64r5900el-ps2-elf/lib/libc_nano.a(libc_a-reallocr.o)
 .mdebug.abiN32
                0x00000000        0x0 /usr/local/ps2dev/ee/lib/gcc/mips64r5900el-ps2-elf/15.2.0/../../../../mips64r5900el-ps2-elf/lib/libc_nano.a(libc_a-mlock.o)
 .mdebug.abiN32
                0x00000000        0x0 /usr/local/ps2dev/ee/lib/gcc/mips64r5900el-ps2-elf/15.2.0/../../../../mips64r5900el-ps2-elf/lib/libc_nano.a(libc_a-isattyr.o)
 .mdebug.abiN32
                0x00000000        0x0 /usr/local/ps2dev/ee/lib/gcc/mips64r5900el-ps2-elf/15.2.0/../../../../mips64r5900el-ps2-elf/lib/libc_nano.a(libc_a-msizer.o)
 .mdebug.abiN32
                0x00000000        0x0 /usr/local/ps2dev/ee/lib/gcc/mips64r5900el-ps2-elf/15.2.0/../../../../mips64r5900el-ps2-elf/lib/libc_nano.a(libc_a-memmove.o)
 .mdebug.abiN32
                0x00000000        0x0 /usr/local/ps2dev/ee/lib/gcc/mips64r5900el-ps2-elf/15.2.0/../../../../mips64r5900el-ps2-elf/lib/libc_nano.a(libc_a-sbrkr.o)
 .mdebug.abiN32
                0x00000000        0x0 /usr/local/ps2dev/ee/lib/gcc/mips64r5900el-ps2-elf/15.2.0/../../../../mips64r5900el-ps2-elf/lib/libc_nano.a(libc_a-fstatr.o)
 .mdebug.abiN32
                0x00000000        0x0 /usr/local/ps2dev/ee/lib/gcc/mips64r5900el-ps2-elf/15.2.0/../../../../mips64r5900el-ps2-elf/lib/libc_nano.a(libc_a-_isatty.o)
 .mdebug.abiN32
                0x00000000        0x0 /usr/local/ps2dev/ee/lib/gcc/mips64r5900el-ps2-elf/15.2.0/../../../../mips64r5900el-ps2-elf/lib/libc_nano.a(libc_a-errno.o)
 .mdebug.abiN32
                0x00000000        0x0 /usr/local/ps2dev/ee/lib/gcc/mips64r5900el-ps2-elf/15.2.0/../../../../mips64r5900el-ps2-elf/lib/libc_nano.a(libc_a-sysfstat.o)
 .mdebug.abiN32
                0x00000000        0x0 /usr/local/ps2dev/ee/lib/gcc/mips64r5900el-ps2-elf/15.2.0/../../../../mips64r5900el-ps2-elf/lib/libc_nano.a(libc_a-vsnprintf.o)
 .mdebug.abiN32
                0x00000000        0x0 /usr/local/ps2dev/ps2sdk/ee/lib/libcglue.a(_libcglue_init.o)
 .mdebug.abiN32
                0x00000000        0x0 /usr/local/ps2dev/ps2sdk/ee/lib/libcglue.a(_libcglue_deinit.o)
 .mdebug.abiN32
                0x00000000        0x0 /usr/local/ps2dev/ps2sdk/ee/lib/libcglue.a(_libcglue_args_parse.o)
 .mdebug.abiN32
                0x00000000        0x0 /usr/local/ps2dev/ps2sdk/ee/lib/libcglue.a(__init_cwd.o)
 .mdebug.abiN32
                0x00000000        0x0 /usr/local/ps2dev/ps2sdk/ee/lib/libcglue.a(_open.o)
 .mdebug.abiN32
                0x00000000        0x0 /usr/local/ps2dev/ps2sdk/ee/lib/libcglue.a(_close.o)
 .mdebug.abiN32
                0x00000000        0x0 /usr/local/ps2dev/ps2sdk/ee/lib/libcglue.a(_read.o)
 .mdebug.abiN32
                0x00000000        0x0 /usr/local/ps2dev/ps2sdk/ee/lib/libcglue.a(_write.o)
 .mdebug.abiN32
                0x00000000        0x0 /usr/local/ps2dev/ps2sdk/ee/lib/libcglue.a(_fstat.o)
 .mdebug.abiN32
                0x00000000        0x0 /usr/local/ps2dev/ps2sdk/ee/lib/libcglue.a(_lseek.o)
 .mdebug.abiN32
                0x00000000        0x0 /usr/local/ps2dev/ps2sdk/ee/lib/libcglue.a(chdir.o)
 .mdebug.abiN32
                0x00000000        0x0 /usr/local/ps2dev/ps2sdk/ee/lib/libcglue.a(_sbrk.o)
 .mdebug.abiN32
                0x00000000        0x0 /usr/local/ps2dev/ps2sdk/ee/lib/libcglue.a(__lock___sfp_recursive_mutex.o)
 .mdebug.abiN32
                0x00000000        0x0 /usr/local/ps2dev/ps2sdk/ee/lib/libcglue.a(__lock___malloc_recursive_mutex.o)
 .mdebug.abiN32
                0x00000000        0x0 /usr/local/ps2dev/ps2sdk/ee/lib/libcglue.a(__retarget_lock_init_recursive.o)
 .mdebug.abiN32
                0x00000000        0x0 /usr/local/ps2dev/ps2sdk/ee/lib/libcglue.a(__retarget_lock_acquire_recursive.o)
 .mdebug.abiN32
                0x00000000        0x0 /usr/local/ps2dev/ps2sdk/ee/lib/libcglue.a(__retarget_lock_release_recursive.o)
 .mdebug.abiN32
                0x00000000        0x0 /usr/local/ps2dev/ps2sdk/ee/lib/libcglue.a(__locks_init.o)
 .mdebug.abiN32
                0x00000000        0x0 /usr/local/ps2dev/ps2sdk/ee/lib/libcglue.a(__locks_deinit.o)
 .mdebug.abiN32
                0x00000000        0x0 /usr/local/ps2dev/ps2sdk/ee/lib/libcglue.a(_libcglue_timezone_update.o)
 .mdebug.abiN32
                0x00000000        0x0 /usr/local/ps2dev/ps2sdk/ee/lib/libcglue.a(__descriptormap.o)
 .mdebug.abiN32
                0x00000000        0x0 /usr/local/ps2dev/ps2sdk/ee/lib/libcglue.a(__fdman_init.o)
 .mdebug.abiN32
                0x00000000        0x0 /usr/local/ps2dev/ps2sdk/ee/lib/libcglue.a(__fdman_deinit.o)
 .mdebug.abiN32
                0x00000000        0x0 /usr/local/ps2dev/ps2sdk/ee/lib/libcglue.a(__fdman_get_new_descriptor.o)
 .mdebug.abiN32
                0x00000000        0x0 /usr/local/ps2dev/ps2sdk/ee/lib/libcglue.a(__fdman_release_descriptor.o)
 .mdebug.abiN32
                0x00000000        0x0 /usr/local/ps2dev/ps2sdk/ee/lib/libcglue.a(__gprof_init.o)
 .mdebug.abiN32
                0x00000000        0x0 /usr/local/ps2dev/ps2sdk/ee/lib/libcglue.a(__gprof_cleanup.o)
 .mdebug.abiN32
                0x00000000        0x0 /usr/local/ps2dev/ps2sdk/ee/lib/libcglue.a(__cwd.o)
 .mdebug.abiN32
                0x00000000        0x0 /usr/local/ps2dev/ps2sdk/ee/lib/libcglue.a(__cwd_len.o)
 .mdebug.abiN32
                0x00000000        0x0 /usr/local/ps2dev/ps2sdk/ee/lib/libcglue.a(__path_absolute.o)
 .mdebug.abiN32
                0x00000000        0x0 /usr/local/ps2dev/ps2sdk/ee/lib/libcglue.a(__libcglue_init_stdio.o)
 .mdebug.abiN32
                0x00000000        0x0 /usr/local/ps2dev/ps2sdk/ee/lib/libcglue.a(_libcglue_fdman_path_ops.o)
 .mdebug.abiN32
                0x00000000        0x0 /usr/local/ps2dev/ps2sdk/ee/lib/libcglue.a(__transform_errno.o)
 .mdebug.abiN32
                0x00000000        0x0 /usr/local/ps2dev/ps2sdk/ee/lib/libcglue.a(__lock___atexit_recursive_mutex.o)
 .mdebug.abiN32
                0x00000000        0x0 /usr/local/ps2dev/ps2sdk/ee/lib/libcglue.a(__lock___at_quick_exit_mutex.o)
 .mdebug.abiN32
                0x00000000        0x0 /usr/local/ps2dev/ps2sdk/ee/lib/libcglue.a(__lock___env_recursive_mutex.o)
 .mdebug.abiN32
                0x00000000        0x0 /usr/local/ps2dev/ps2sdk/ee/lib/libcglue.a(__lock___tz_mutex.o)
 .mdebug.abiN32
                0x00000000        0x0 /usr/local/ps2dev/ps2sdk/ee/lib/libcglue.a(__lock___dd_hash_mutex.o)
 .mdebug.abiN32
                0x00000000        0x0 /usr/local/ps2dev/ps2sdk/ee/lib/libcglue.a(__lock___arc4random_mutex.o)
 .mdebug.abiN32
                0x00000000        0x0 /usr/local/ps2dev/ps2sdk/ee/lib/libcglue.a(_libcglue_timezone_update_impl.o)
 .mdebug.abiN32
                0x00000000        0x0 /usr/local/ps2dev/ps2sdk/ee/lib/libcglue.a(__fdman_sema.o)
 .mdebug.abiN32
                0x00000000        0x0 /usr/local/ps2dev/ps2sdk/ee/lib/libcglue.a(__descriptor_data_pool.o)
 .mdebug.abiN32
                0x00000000        0x0 /usr/local/ps2dev/ps2sdk/ee/lib/libcglue.a(__get_drive.o)
 .mdebug.abiN32
                0x00000000        0x0 /usr/local/ps2dev/ps2sdk/ee/lib/libcglue.a(__fioOpsInitialize.o)
 .mdebug.abiN32
                0x00000000        0x0 /usr/local/ps2dev/ps2sdk/ee/lib/libcglue.a(__fioOpsInitializeImpl.o)
 .mdebug.abiN32
                0x00000000        0x0 /usr/local/ps2dev/ps2sdk/ee/lib/libcglue.a(__fioOpenHelper.o)
 .mdebug.abiN32
                0x00000000        0x0 /usr/local/ps2dev/ps2sdk/ee/lib/libcglue.a(__fioGetFdHelper.o)
 .mdebug.abiN32
                0x00000000        0x0 /usr/local/ps2dev/ps2sdk/ee/lib/libcglue.a(__fioGetFilenameHelper.o)
 .mdebug.abiN32
                0x00000000        0x0 /usr/local/ps2dev/ps2sdk/ee/lib/libcglue.a(__fioCloseHelper.o)
 .mdebug.abiN32
                0x00000000        0x0 /usr/local/ps2dev/ps2sdk/ee/lib/libcglue.a(__fioDcloseHelper.o)
 .mdebug.abiN32
                0x00000000        0x0 /usr/local/ps2dev/ps2sdk/ee/lib/libcglue.a(__fioReadHelper.o)
 .mdebug.abiN32
                0x00000000        0x0 /usr/local/ps2dev/ps2sdk/ee/lib/libcglue.a(__fioLseekHelper.o)
 .mdebug.abiN32
                0x00000000        0x0 /usr/local/ps2dev/ps2sdk/ee/lib/libcglue.a(__fioWriteHelper.o)
 .mdebug.abiN32
                0x00000000        0x0 /usr/local/ps2dev/ps2sdk/ee/lib/libcglue.a(__fioIoctlHelper.o)
 .mdebug.abiN32
                0x00000000        0x0 /usr/local/ps2dev/ps2sdk/ee/lib/libcglue.a(__fioDreadHelper.o)
 .mdebug.abiN32
                0x00000000        0x0 /usr/local/ps2dev/ps2sdk/ee/lib/libcglue.a(__fioLseekDirHelper.o)
 .mdebug.abiN32
                0x00000000        0x0 /usr/local/ps2dev/ps2sdk/ee/lib/libcglue.a(__fioMkdirHelper.o)
 .mdebug.abiN32
                0x00000000        0x0 /usr/local/ps2dev/ps2sdk/ee/lib/libcglue.a(__fioGetstatHelper.o)
 .mdebug.abiN32
                0x00000000        0x0 /usr/local/ps2dev/ps2sdk/ee/lib/libkernel.a(sceSifGetOtherData.o)
 .mdebug.abiN32
                0x00000000        0x0 /usr/local/ps2dev/ps2sdk/ee/lib/libkernel.a(SifRpcMain.o)
 .mdebug.abiN32
                0x00000000        0x0 /usr/local/ps2dev/ps2sdk/ee/lib/libkernel.a(fio_open.o)
 .mdebug.abiN32
                0x00000000        0x0 /usr/local/ps2dev/ps2sdk/ee/lib/libkernel.a(fio_close.o)
 .mdebug.abiN32
                0x00000000        0x0 /usr/local/ps2dev/ps2sdk/ee/lib/libkernel.a(fio_read.o)
 .mdebug.abiN32
                0x00000000        0x0 /usr/local/ps2dev/ps2sdk/ee/lib/libkernel.a(fio_write.o)
 .mdebug.abiN32
                0x00000000        0x0 /usr/local/ps2dev/ps2sdk/ee/lib/libkernel.a(fio_lseek.o)
 .mdebug.abiN32
                0x00000000        0x0 /usr/local/ps2dev/ps2sdk/ee/lib/libkernel.a(fio_mkdir.o)
 .mdebug.abiN32
                0x00000000        0x0 /usr/local/ps2dev/ps2sdk/ee/lib/libkernel.a(_fio_read_intr.o)
 .mdebug.abiN32
                0x00000000        0x0 /usr/local/ps2dev/ps2sdk/ee/lib/libkernel.a(fio_ioctl.o)
 .mdebug.abiN32
                0x00000000        0x0 /usr/local/ps2dev/ps2sdk/ee/lib/libkernel.a(fio_dopen.o)
 .mdebug.abiN32
                0x00000000        0x0 /usr/local/ps2dev/ps2sdk/ee/lib/libkernel.a(fio_dclose.o)
 .mdebug.abiN32
                0x00000000        0x0 /usr/local/ps2dev/ps2sdk/ee/lib/libkernel.a(fio_dread.o)
 .mdebug.abiN32
                0x00000000        0x0 /usr/local/ps2dev/ps2sdk/ee/lib/libkernel.a(fio_getstat.o)
 .mdebug.abiN32
                0x00000000        0x0 /usr/local/ps2dev/ps2sdk/ee/lib/libkernel.a(fio_remove.o)
 .mdebug.abiN32
                0x00000000        0x0 /usr/local/ps2dev/ps2sdk/ee/lib/libkernel.a(fio_rmdir.o)
 .mdebug.abiN32
                0x00000000        0x0 /usr/local/ps2dev/ps2sdk/ee/lib/libkernel.a(SifLoadFileExit.o)
 .mdebug.abiN32
                0x00000000        0x0 /usr/local/ps2dev/ps2sdk/ee/lib/libkernel.a(SifLoadModule.o)
 .mdebug.abiN32
                0x00000000        0x0 /usr/local/ps2dev/ps2sdk/ee/lib/libkernel.a(SifLoadElf.o)
 .mdebug.abiN32
                0x00000000        0x0 /usr/local/ps2dev/ps2sdk/ee/lib/libkernel.a(SifExecModuleBuffer.o)
 .mdebug.abiN32
                0x00000000        0x0 /usr/local/ps2dev/ps2sdk/ee/lib/libkernel.a(SifInitIopHeap.o)
 .mdebug.abiN32
                0x00000000        0x0 /usr/local/ps2dev/ps2sdk/ee/lib/libkernel.a(SifAllocIopHeap.o)
 .mdebug.abiN32
                0x00000000        0x0 /usr/local/ps2dev/ps2sdk/ee/lib/libkernel.a(SifFreeIopHeap.o)
 .mdebug.abiN32
                0x00000000        0x0 /usr/local/ps2dev/ps2sdk/ee/lib/libkernel.a(SifIopReset.o)
 .mdebug.abiN32
                0x00000000        0x0 /usr/local/ps2dev/ps2sdk/ee/lib/libkernel.a(SifIopSync.o)
 .mdebug.abiN32
                0x00000000        0x0 /usr/local/ps2dev/ps2sdk/ee/lib/libkernel.a(__iop_control_internals.o)
 .mdebug.abiN32
                0x00000000        0x0 /usr/local/ps2dev/ps2sdk/ee/lib/libkernel.a(GetRomName.o)
 .mdebug.abiN32
                0x00000000        0x0 /usr/local/ps2dev/ps2sdk/ee/lib/libkernel.a(configGetTimezoneWithIODriver.o)
 .mdebug.abiN32
                0x00000000        0x0 /usr/local/ps2dev/ps2sdk/ee/lib/libkernel.a(configIsDaylightSavingEnabledWithIODriver.o)
 .mdebug.abiN32
                0x00000000        0x0 /usr/local/ps2dev/ps2sdk/ee/lib/libkernel.a(DIntr.o)
 .mdebug.abiN32
                0x00000000        0x0 /usr/local/ps2dev/ps2sdk/ee/lib/libkernel.a(EIntr.o)
 .mdebug.abiN32
                0x00000000        0x0 /usr/local/ps2dev/ps2sdk/ee/lib/libkernel.a(EnableDmac.o)
 .mdebug.abiN32
                0x00000000        0x0 /usr/local/ps2dev/ps2sdk/ee/lib/libkernel.a(DisableDmac.o)
 .mdebug.abiN32
                0x00000000        0x0 /usr/local/ps2dev/ps2sdk/ee/lib/libkernel.a(SyncDCache.o)
 .mdebug.abiN32
                0x00000000        0x0 /usr/local/ps2dev/ps2sdk/ee/lib/libkernel.a(_InitSys.o)
 .mdebug.abiN32
                0x00000000        0x0 /usr/local/ps2dev/ps2sdk/ee/lib/libkernel.a(sceSifSendCmd.o)
 .mdebug.abiN32
                0x00000000        0x0 /usr/local/ps2dev/ps2sdk/ee/lib/libkernel.a(isceSifSendCmd.o)
 .mdebug.abiN32
                0x00000000        0x0 /usr/local/ps2dev/ps2sdk/ee/lib/libkernel.a(sif_cmd_main.o)
 .mdebug.abiN32
                0x00000000        0x0 /usr/local/ps2dev/ps2sdk/ee/lib/libkernel.a(sceSifAddCmdHandler.o)
 .mdebug.abiN32
                0x00000000        0x0 /usr/local/ps2dev/ps2sdk/ee/lib/libkernel.a(sceSifGetSreg.o)
 .mdebug.abiN32
                0x00000000        0x0 /usr/local/ps2dev/ps2sdk/ee/lib/libkernel.a(_rpc_get_packet.o)
 .mdebug.abiN32
                0x00000000        0x0 /usr/local/ps2dev/ps2sdk/ee/lib/libkernel.a(_rpc_get_fpacket.o)
 .mdebug.abiN32
                0x00000000        0x0 /usr/local/ps2dev/ps2sdk/ee/lib/libkernel.a(sceSifBindRpc.o)
 .mdebug.abiN32
                0x00000000        0x0 /usr/local/ps2dev/ps2sdk/ee/lib/libkernel.a(sceSifCallRpc.o)
 .mdebug.abiN32
                0x00000000        0x0 /usr/local/ps2dev/ps2sdk/ee/lib/libkernel.a(__fio_internals.o)
 .mdebug.abiN32
                0x00000000        0x0 /usr/local/ps2dev/ps2sdk/ee/lib/libkernel.a(fio_init.o)
 .mdebug.abiN32
                0x00000000        0x0 /usr/local/ps2dev/ps2sdk/ee/lib/libkernel.a(_fio_intr.o)
 .mdebug.abiN32
                0x00000000        0x0 /usr/local/ps2dev/ps2sdk/ee/lib/libkernel.a(fio_exit.o)
 .mdebug.abiN32
                0x00000000        0x0 /usr/local/ps2dev/ps2sdk/ee/lib/libkernel.a(SifLoadFileInit.o)
 .mdebug.abiN32
                0x00000000        0x0 /usr/local/ps2dev/ps2sdk/ee/lib/libkernel.a(_SifLoadModule.o)
 .mdebug.abiN32
                0x00000000        0x0 /usr/local/ps2dev/ps2sdk/ee/lib/libkernel.a(_SifLoadElfPart.o)
 .mdebug.abiN32
                0x00000000        0x0 /usr/local/ps2dev/ps2sdk/ee/lib/libkernel.a(_SifLoadModuleBuffer.o)
 .mdebug.abiN32
                0x00000000        0x0 /usr/local/ps2dev/ps2sdk/ee/lib/libkernel.a(GetRomNameWithIODriver.o)
 .mdebug.abiN32
                0x00000000        0x0 /usr/local/ps2dev/ps2sdk/ee/lib/libkernel.a(IsT10KWithIODriver.o)
 .mdebug.abiN32
                0x00000000        0x0 /usr/local/ps2dev/ps2sdk/ee/lib/libkernel.a(_config_internals.o)
 .mdebug.abiN32
                0x00000000        0x0 /usr/local/ps2dev/ps2sdk/ee/lib/libkernel.a(IsEarlyJap.o)
 .mdebug.abiN32
                0x00000000        0x0 /usr/local/ps2dev/ps2sdk/ee/lib/libkernel.a(_SifSendCmd.o)
 .mdebug.abiN32
                0x00000000        0x0 /usr/local/ps2dev/ps2sdk/ee/lib/libkernel.a(_SifCmdIntHandler.o)
 .mdebug.abiN32
                0x00000000        0x0 /usr/local/ps2dev/ps2sdk/ee/lib/libkernel.a(_info_internals.o)
 .mdebug.abiN32
                0x00000000        0x0 /usr/local/ps2dev/ee/lib/gcc/mips64r5900el-ps2-elf/15.2.0/../../../../mips64r5900el-ps2-elf/lib/libc_nano.a(libc_a-mktime.o)
 .mdebug.abiN32
                0x00000000        0x0 /usr/local/ps2dev/ee/lib/gcc/mips64r5900el-ps2-elf/15.2.0/../../../../mips64r5900el-ps2-elf/lib/libc_nano.a(libc_a-memcmp.o)
 .mdebug.abiN32
                0x00000000        0x0 /usr/local/ps2dev/ee/lib/gcc/mips64r5900el-ps2-elf/15.2.0/../../../../mips64r5900el-ps2-elf/lib/libc_nano.a(libc_a-strnlen.o)
 .mdebug.abiN32
                0x00000000        0x0 /usr/local/ps2dev/ee/lib/gcc/mips64r5900el-ps2-elf/15.2.0/../../../../mips64r5900el-ps2-elf/lib/libc_nano.a(libc_a-setenv.o)
 .mdebug.abiN32
                0x00000000        0x0 /usr/local/ps2dev/ee/lib/gcc/mips64r5900el-ps2-elf/15.2.0/../../../../mips64r5900el-ps2-elf/lib/libc_nano.a(libc_a-tzvars.o)
 .mdebug.abiN32
                0x00000000        0x0 /usr/local/ps2dev/ee/lib/gcc/mips64r5900el-ps2-elf/15.2.0/../../../../mips64r5900el-ps2-elf/lib/libc_nano.a(libc_a-div.o)
 .mdebug.abiN32
                0x00000000        0x0 /usr/local/ps2dev/ee/lib/gcc/mips64r5900el-ps2-elf/15.2.0/../../../../mips64r5900el-ps2-elf/lib/libc_nano.a(libc_a-sprintf.o)